Archive member included to satisfy reference by file (symbol)

c:/program files (x86)/atmel/studio/7.0/toolchain/arm/arm-gnu-toolchain/bin/../lib/gcc/arm-none-eabi/6.3.1/thumb/v6-m\libgcc.a(_aeabi_uldivmod.o)
                              hpl/sercom/hpl_sercom.o (__aeabi_uldivmod)
c:/program files (x86)/atmel/studio/7.0/toolchain/arm/arm-gnu-toolchain/bin/../lib/gcc/arm-none-eabi/6.3.1/thumb/v6-m\libgcc.a(_muldi3.o)
                              hpl/sercom/hpl_sercom.o (__aeabi_lmul)
c:/program files (x86)/atmel/studio/7.0/toolchain/arm/arm-gnu-toolchain/bin/../lib/gcc/arm-none-eabi/6.3.1/thumb/v6-m\libgcc.a(_fixunsdfsi.o)
                              hpl/sercom/hpl_sercom.o (__aeabi_d2uiz)
c:/program files (x86)/atmel/studio/7.0/toolchain/arm/arm-gnu-toolchain/bin/../lib/gcc/arm-none-eabi/6.3.1/thumb/v6-m\libgcc.a(_udivmoddi4.o)
                              c:/program files (x86)/atmel/studio/7.0/toolchain/arm/arm-gnu-toolchain/bin/../lib/gcc/arm-none-eabi/6.3.1/thumb/v6-m\libgcc.a(_aeabi_uldivmod.o) (__udivmoddi4)
c:/program files (x86)/atmel/studio/7.0/toolchain/arm/arm-gnu-toolchain/bin/../lib/gcc/arm-none-eabi/6.3.1/thumb/v6-m\libgcc.a(divdf3.o)
                              hpl/sercom/hpl_sercom.o (__aeabi_ddiv)
c:/program files (x86)/atmel/studio/7.0/toolchain/arm/arm-gnu-toolchain/bin/../lib/gcc/arm-none-eabi/6.3.1/thumb/v6-m\libgcc.a(muldf3.o)
                              hpl/sercom/hpl_sercom.o (__aeabi_dmul)
c:/program files (x86)/atmel/studio/7.0/toolchain/arm/arm-gnu-toolchain/bin/../lib/gcc/arm-none-eabi/6.3.1/thumb/v6-m\libgcc.a(subdf3.o)
                              hpl/sercom/hpl_sercom.o (__aeabi_dsub)
c:/program files (x86)/atmel/studio/7.0/toolchain/arm/arm-gnu-toolchain/bin/../lib/gcc/arm-none-eabi/6.3.1/thumb/v6-m\libgcc.a(fixdfsi.o)
                              c:/program files (x86)/atmel/studio/7.0/toolchain/arm/arm-gnu-toolchain/bin/../lib/gcc/arm-none-eabi/6.3.1/thumb/v6-m\libgcc.a(_fixunsdfsi.o) (__aeabi_d2iz)
c:/program files (x86)/atmel/studio/7.0/toolchain/arm/arm-gnu-toolchain/bin/../lib/gcc/arm-none-eabi/6.3.1/thumb/v6-m\libgcc.a(floatsidf.o)
                              hpl/sercom/hpl_sercom.o (__aeabi_i2d)
c:/program files (x86)/atmel/studio/7.0/toolchain/arm/arm-gnu-toolchain/bin/../lib/gcc/arm-none-eabi/6.3.1/thumb/v6-m\libgcc.a(floatunsidf.o)
                              hpl/sercom/hpl_sercom.o (__aeabi_ui2d)
c:/program files (x86)/atmel/studio/7.0/toolchain/arm/arm-gnu-toolchain/bin/../lib/gcc/arm-none-eabi/6.3.1/thumb/v6-m\libgcc.a(_dvmd_tls.o)
                              c:/program files (x86)/atmel/studio/7.0/toolchain/arm/arm-gnu-toolchain/bin/../lib/gcc/arm-none-eabi/6.3.1/thumb/v6-m\libgcc.a(_aeabi_uldivmod.o) (__aeabi_ldiv0)
c:/program files (x86)/atmel/studio/7.0/toolchain/arm/arm-gnu-toolchain/bin/../lib/gcc/arm-none-eabi/6.3.1/thumb/v6-m\libgcc.a(_arm_cmpdf2.o)
                              c:/program files (x86)/atmel/studio/7.0/toolchain/arm/arm-gnu-toolchain/bin/../lib/gcc/arm-none-eabi/6.3.1/thumb/v6-m\libgcc.a(_fixunsdfsi.o) (__aeabi_dcmpge)
c:/program files (x86)/atmel/studio/7.0/toolchain/arm/arm-gnu-toolchain/bin/../lib/gcc/arm-none-eabi/6.3.1/thumb/v6-m\libgcc.a(_clzsi2.o)
                              c:/program files (x86)/atmel/studio/7.0/toolchain/arm/arm-gnu-toolchain/bin/../lib/gcc/arm-none-eabi/6.3.1/thumb/v6-m\libgcc.a(divdf3.o) (__clzsi2)
c:/program files (x86)/atmel/studio/7.0/toolchain/arm/arm-gnu-toolchain/bin/../lib/gcc/arm-none-eabi/6.3.1/thumb/v6-m\libgcc.a(_clzdi2.o)
                              c:/program files (x86)/atmel/studio/7.0/toolchain/arm/arm-gnu-toolchain/bin/../lib/gcc/arm-none-eabi/6.3.1/thumb/v6-m\libgcc.a(_udivmoddi4.o) (__clzdi2)
c:/program files (x86)/atmel/studio/7.0/toolchain/arm/arm-gnu-toolchain/bin/../lib/gcc/arm-none-eabi/6.3.1/thumb/v6-m\libgcc.a(eqdf2.o)
                              c:/program files (x86)/atmel/studio/7.0/toolchain/arm/arm-gnu-toolchain/bin/../lib/gcc/arm-none-eabi/6.3.1/thumb/v6-m\libgcc.a(_arm_cmpdf2.o) (__eqdf2)
c:/program files (x86)/atmel/studio/7.0/toolchain/arm/arm-gnu-toolchain/bin/../lib/gcc/arm-none-eabi/6.3.1/thumb/v6-m\libgcc.a(gedf2.o)
                              c:/program files (x86)/atmel/studio/7.0/toolchain/arm/arm-gnu-toolchain/bin/../lib/gcc/arm-none-eabi/6.3.1/thumb/v6-m\libgcc.a(_arm_cmpdf2.o) (__gedf2)
c:/program files (x86)/atmel/studio/7.0/toolchain/arm/arm-gnu-toolchain/bin/../lib/gcc/arm-none-eabi/6.3.1/thumb/v6-m\libgcc.a(ledf2.o)
                              c:/program files (x86)/atmel/studio/7.0/toolchain/arm/arm-gnu-toolchain/bin/../lib/gcc/arm-none-eabi/6.3.1/thumb/v6-m\libgcc.a(_arm_cmpdf2.o) (__ledf2)
c:/program files (x86)/atmel/studio/7.0/toolchain/arm/arm-gnu-toolchain/bin/../lib/gcc/arm-none-eabi/6.3.1/../../../../arm-none-eabi/lib/thumb/v6-m\libc_nano.a(lib_a-exit.o)
[...]
Memory Configuration

Name             Origin             Length             Attributes
rom              0x00000000         0x00040000         xr
ram              0x20000000         0x00008000         xrw
*default*        0x00000000         0xffffffff

Linker script and memory map

LOAD c:/program files (x86)/atmel/studio/7.0/toolchain/arm/arm-gnu-toolchain/bin/../lib/gcc/arm-none-eabi/6.3.1/thumb/v6-m/crti.o
LOAD c:/program files (x86)/atmel/studio/7.0/toolchain/arm/arm-gnu-toolchain/bin/../lib/gcc/arm-none-eabi/6.3.1/thumb/v6-m/crtbegin.o
LOAD c:/program files (x86)/atmel/studio/7.0/toolchain/arm/arm-gnu-toolchain/bin/../lib/gcc/arm-none-eabi/6.3.1/../../../../arm-none-eabi/lib/thumb/v6-m/crt0.o
LOAD atmel_start.o
LOAD Device_Startup/startup_samc21.o
LOAD Device_Startup/system_samc21.o
LOAD driver_init.o
LOAD examples/driver_examples.o
LOAD hal/src/hal_atomic.o
LOAD hal/src/hal_delay.o
LOAD hal/src/hal_gpio.o
LOAD hal/src/hal_init.o
LOAD hal/src/hal_io.o
LOAD hal/src/hal_sleep.o
LOAD hal/src/hal_usart_async.o
LOAD hal/utils/src/utils_assert.o
LOAD hal/utils/src/utils_event.o
LOAD hal/utils/src/utils_list.o
LOAD hal/utils/src/utils_ringbuffer.o
LOAD hal/utils/src/utils_syscalls.o
LOAD hpl/core/hpl_core_m0plus_base.o
LOAD hpl/core/hpl_init.o
LOAD hpl/divas/hpl_divas.o
LOAD hpl/dmac/hpl_dmac.o
LOAD hpl/gclk/hpl_gclk.o
LOAD hpl/mclk/hpl_mclk.o
LOAD hpl/osc32kctrl/hpl_osc32kctrl.o
LOAD hpl/oscctrl/hpl_oscctrl.o
LOAD hpl/pm/hpl_pm.o
LOAD hpl/sercom/hpl_sercom.o
LOAD hpl/systick/hpl_systick.o
LOAD main.o
LOAD rtos_start.o
LOAD thirdparty/RTOS/freertos/FreeRTOSV10.0.0/rtos_port.o
LOAD thirdparty/RTOS/freertos/FreeRTOSV10.0.0/Source/croutine.o
LOAD thirdparty/RTOS/freertos/FreeRTOSV10.0.0/Source/event_groups.o
LOAD thirdparty/RTOS/freertos/FreeRTOSV10.0.0/Source/list.o
LOAD thirdparty/RTOS/freertos/FreeRTOSV10.0.0/Source/portable/GCC/ARM_CM0/port.o
LOAD thirdparty/RTOS/freertos/FreeRTOSV10.0.0/Source/portable/MemMang/heap_1.o
LOAD thirdparty/RTOS/freertos/FreeRTOSV10.0.0/Source/queue.o
LOAD thirdparty/RTOS/freertos/FreeRTOSV10.0.0/Source/stream_buffer.o
LOAD thirdparty/RTOS/freertos/FreeRTOSV10.0.0/Source/tasks.o
LOAD thirdparty/RTOS/freertos/FreeRTOSV10.0.0/Source/timers.o
START GROUP
LOAD c:/program files (x86)/atmel/studio/7.0/toolchain/arm/arm-gnu-toolchain/bin/../lib/gcc/arm-none-eabi/6.3.1/../../../../arm-none-eabi/lib/thumb/v6-m\libm.a
END GROUP
START GROUP
LOAD c:/program files (x86)/atmel/studio/7.0/toolchain/arm/arm-gnu-toolchain/bin/../lib/gcc/arm-none-eabi/6.3.1/thumb/v6-m\libgcc.a
LOAD c:/program files (x86)/atmel/studio/7.0/toolchain/arm/arm-gnu-toolchain/bin/../lib/gcc/arm-none-eabi/6.3.1/../../../../arm-none-eabi/lib/thumb/v6-m\libc_nano.a
END GROUP
START GROUP
LOAD c:/program files (x86)/atmel/studio/7.0/toolchain/arm/arm-gnu-toolchain/bin/../lib/gcc/arm-none-eabi/6.3.1/thumb/v6-m\libgcc.a
LOAD c:/program files (x86)/atmel/studio/7.0/toolchain/arm/arm-gnu-toolchain/bin/../lib/gcc/arm-none-eabi/6.3.1/../../../../arm-none-eabi/lib/thumb/v6-m\libc_nano.a
END GROUP
LOAD c:/program files (x86)/atmel/studio/7.0/toolchain/arm/arm-gnu-toolchain/bin/../lib/gcc/arm-none-eabi/6.3.1/thumb/v6-m/crtend.o
LOAD c:/program files (x86)/atmel/studio/7.0/toolchain/arm/arm-gnu-toolchain/bin/../lib/gcc/arm-none-eabi/6.3.1/thumb/v6-m/crtn.o
                0x00002000                STACK_SIZE = DEFINED (STACK_SIZE)?STACK_SIZE:DEFINED (__stack_size__)?__stack_size__:0x2000

.text           0x00000000     0x2554
                0x00000000                . = ALIGN (0x4)
                0x00000000                _sfixed = .
 *(.vectors .vectors.*)
 .vectors       0x00000000       0xbc Device_Startup/startup_samc21.o
                0x00000000                exception_table
 *(.text .text.* .gnu.linkonce.t.*)
 .text          0x000000bc       0x60 c:/program files (x86)/atmel/studio/7.0/toolchain/arm/arm-gnu-toolchain/bin/../lib/gcc/arm-none-eabi/6.3.1/thumb/v6-m/crtbegin.o
 .text.atmel_start_init
                0x0000011c        0xc atmel_start.o
                0x0000011c                atmel_start_init
 .text.Dummy_Handler
                0x00000128        0x2 Device_Startup/startup_samc21.o
                0x00000128                DMAC_Handler
                0x00000128                HardFault_Handler
                0x00000128                AC_Handler
                0x00000128                NonMaskableInt_Handler
                0x00000128                TCC1_Handler
                0x00000128                SERCOM2_Handler
                0x00000128                TCC0_Handler
                0x00000128                RTC_Handler
                0x00000128                ADC1_Handler
                0x00000128                INT22_Handler
                0x00000128                EIC_Handler
                0x00000128                INT20_Handler
                0x00000128                WDT_Handler
                0x00000128                CAN0_Handler
                0x00000128                TC4_Handler
                0x00000128                TC3_Handler
                0x00000128                SDADC_Handler
                0x00000128                Dummy_Handler
                0x00000128                INT21_Handler
                0x00000128                SERCOM5_Handler
                0x00000128                INT10_Handler
                0x00000128                CAN1_Handler
                0x00000128                ADC0_Handler
                0x00000128                TSENS_Handler
                0x00000128                TCC2_Handler
                0x00000128                EVSYS_Handler
                0x00000128                SERCOM3_Handler
                0x00000128                NVMCTRL_Handler
                0x00000128                SYSTEM_Handler
                0x00000128                DAC_Handler
                0x00000128                PTC_Handler
                0x00000128                INT9_Handler
                0x00000128                FREQM_Handler
 *fill*         0x0000012a        0x2 
 .text.Reset_Handler
                0x0000012c       0x88 Device_Startup/startup_samc21.o
                0x0000012c                Reset_Handler
 .text.USART_On_USBPort_CLOCK_init
                0x000001b4       0x24 driver_init.o
                0x000001b4                USART_On_USBPort_CLOCK_init
 .text.USART_On_USBPort_PORT_init
                0x000001d8       0x3e driver_init.o
                0x000001d8                USART_On_USBPort_PORT_init
 *fill*         0x00000216        0x2 
 .text.USART_On_USBPort_init
                0x00000218       0x38 driver_init.o
                0x00000218                USART_On_USBPort_init
 .text.delay_driver_init
                0x00000250       0x14 driver_init.o
                0x00000250                delay_driver_init
 .text.system_init
                0x00000264       0x1c driver_init.o
                0x00000264                system_init
 .text.tx_cb_USART_On_USBPort
                0x00000280        0x2 examples/driver_examples.o
 *fill*         0x00000282        0x2 
 .text.USART_On_USBPort_example
                0x00000284       0x48 examples/driver_examples.o
                0x00000284                USART_On_USBPort_example
 .text.atomic_enter_critical
                0x000002cc        0xe hal/src/hal_atomic.o
                0x000002cc                atomic_enter_critical
 .text.atomic_leave_critical
                0x000002da        0xc hal/src/hal_atomic.o
                0x000002da                atomic_leave_critical
 *fill*         0x000002e6        0x2 
 .text.delay_init
                0x000002e8       0x14 hal/src/hal_delay.o
                0x000002e8                delay_init
 .text.delay_ms
                0x000002fc       0x20 hal/src/hal_delay.o
                0x000002fc                delay_ms
 .text.io_write
                0x0000031c       0x34 hal/src/hal_io.o
                0x0000031c                io_write
 .text.usart_transmission_complete
                0x00000350       0x12 hal/src/hal_usart_async.o
 .text.usart_error
                0x00000362       0x12 hal/src/hal_usart_async.o
 .text.usart_fill_rx_buffer
                0x00000374       0x1c hal/src/hal_usart_async.o
 .text.usart_async_write
                0x00000390       0x64 hal/src/hal_usart_async.o
 .text.usart_process_byte_sent
                0x000003f4       0x40 hal/src/hal_usart_async.o
 .text.usart_async_read
                0x00000434       0xe0 hal/src/hal_usart_async.o
 .text.usart_async_init
                0x00000514       0x98 hal/src/hal_usart_async.o
                0x00000514                usart_async_init
 .text.usart_async_enable
                0x000005ac       0x2c hal/src/hal_usart_async.o
                0x000005ac                usart_async_enable
 .text.usart_async_get_io_descriptor
                0x000005d8       0x2c hal/src/hal_usart_async.o
                0x000005d8                usart_async_get_io_descriptor
 .text.usart_async_register_callback
                0x00000604       0x78 hal/src/hal_usart_async.o
                0x00000604                usart_async_register_callback
 .text.assert   0x0000067c        0x8 hal/utils/src/utils_assert.o
                0x0000067c                assert
 .text.ringbuffer_init
                0x00000684       0x54 hal/utils/src/utils_ringbuffer.o
                0x00000684                ringbuffer_init
 .text.ringbuffer_get
                0x000006d8       0x48 hal/utils/src/utils_ringbuffer.o
                0x000006d8                ringbuffer_get
 .text.ringbuffer_put
                0x00000720       0x40 hal/utils/src/utils_ringbuffer.o
                0x00000720                ringbuffer_put
 .text.ringbuffer_num
                0x00000760       0x24 hal/utils/src/utils_ringbuffer.o
                0x00000760                ringbuffer_num
 .text._get_cycles_for_ms
                0x00000784        0x8 hpl/core/hpl_core_m0plus_base.o
                0x00000784                _get_cycles_for_ms
 .text._init_chip
                0x0000078c       0x40 hpl/core/hpl_init.o
                0x0000078c                _init_chip
 .text._div_init
                0x000007cc        0xe hpl/divas/hpl_divas.o
                0x000007cc                _div_init
 *fill*         0x000007da        0x2 
 .text._gclk_init_generators_by_fref
                0x000007dc       0x24 hpl/gclk/hpl_gclk.o
                0x000007dc                _gclk_init_generators_by_fref
 .text._mclk_init
                0x00000800        0xc hpl/mclk/hpl_mclk.o
                0x00000800                _mclk_init
 .text._osc32kctrl_init_sources
                0x0000080c       0x18 hpl/osc32kctrl/hpl_osc32kctrl.o
                0x0000080c                _osc32kctrl_init_sources
 .text._oscctrl_init_sources
                0x00000824       0x40 hpl/oscctrl/hpl_oscctrl.o
                0x00000824                _oscctrl_init_sources
 .text._oscctrl_init_referenced_generators
                0x00000864        0x2 hpl/oscctrl/hpl_oscctrl.o
                0x00000864                _oscctrl_init_referenced_generators
 *fill*         0x00000866        0x2 
 .text._sercom_get_hardware_index
                0x00000868       0x3c hpl/sercom/hpl_sercom.o
 .text._sercom_get_irq_num
                0x000008a4       0x34 hpl/sercom/hpl_sercom.o
 .text._usart_init
                0x000008d8       0x98 hpl/sercom/hpl_sercom.o
 .text._usart_async_init
                0x00000970       0x78 hpl/sercom/hpl_sercom.o
                0x00000970                _usart_async_init
 .text._usart_async_enable
                0x000009e8       0x14 hpl/sercom/hpl_sercom.o
                0x000009e8                _usart_async_enable
 .text._usart_async_write_byte
                0x000009fc        0x8 hpl/sercom/hpl_sercom.o
                0x000009fc                _usart_async_write_byte
 .text._usart_async_enable_byte_sent_irq
                0x00000a04        0x8 hpl/sercom/hpl_sercom.o
                0x00000a04                _usart_async_enable_byte_sent_irq
 .text._usart_async_enable_tx_done_irq
                0x00000a0c        0x8 hpl/sercom/hpl_sercom.o
                0x00000a0c                _usart_async_enable_tx_done_irq
 .text._usart_async_set_irq_state
                0x00000a14       0x74 hpl/sercom/hpl_sercom.o
                0x00000a14                _usart_async_set_irq_state
 .text.SERCOM4_Handler
                0x00000a88       0x6c hpl/sercom/hpl_sercom.o
                0x00000a88                SERCOM4_Handler
 .text._delay_init
                0x00000af4       0x14 hpl/systick/hpl_systick.o
                0x00000af4                _delay_init
 .text._delay_cycles
                0x00000b08       0x54 hpl/systick/hpl_systick.o
                0x00000b08                _delay_cycles
 .text.main     0x00000b5c       0x2c main.o
                0x00000b5c                main
 .text.example_task
                0x00000b88       0x44 rtos_start.o
 .text.FREERTOS_V1000_0_example
                0x00000bcc       0x50 rtos_start.o
                0x00000bcc                FREERTOS_V1000_0_example
 .text.vListInitialise
                0x00000c1c       0x16 thirdparty/RTOS/freertos/FreeRTOSV10.0.0/Source/list.o
                0x00000c1c                vListInitialise
 .text.vListInitialiseItem
                0x00000c32        0x6 thirdparty/RTOS/freertos/FreeRTOSV10.0.0/Source/list.o
                0x00000c32                vListInitialiseItem
 .text.vListInsertEnd
                0x00000c38       0x18 thirdparty/RTOS/freertos/FreeRTOSV10.0.0/Source/list.o
                0x00000c38                vListInsertEnd
 .text.vListInsert
                0x00000c50       0x2e thirdparty/RTOS/freertos/FreeRTOSV10.0.0/Source/list.o
                0x00000c50                vListInsert
 .text.uxListRemove
                0x00000c7e       0x28 thirdparty/RTOS/freertos/FreeRTOSV10.0.0/Source/list.o
                0x00000c7e                uxListRemove
 *fill*         0x00000ca6        0x2 
 .text.prvTaskExitError
                0x00000ca8       0x24 thirdparty/RTOS/freertos/FreeRTOSV10.0.0/Source/portable/GCC/ARM_CM0/port.o
 *fill*         0x00000ccc        0x4 
 .text.vPortStartFirstTask
                0x00000cd0       0x34 thirdparty/RTOS/freertos/FreeRTOSV10.0.0/Source/portable/GCC/ARM_CM0/port.o
 .text.pxPortInitialiseStack
                0x00000d04       0x20 thirdparty/RTOS/freertos/FreeRTOSV10.0.0/Source/portable/GCC/ARM_CM0/port.o
                0x00000d04                pxPortInitialiseStack
 .text.SVCall_Handler
                0x00000d24        0x2 thirdparty/RTOS/freertos/FreeRTOSV10.0.0/Source/portable/GCC/ARM_CM0/port.o
                0x00000d24                SVCall_Handler
 *fill*         0x00000d26        0x2 
 .text.xPortStartScheduler
                0x00000d28       0x64 thirdparty/RTOS/freertos/FreeRTOSV10.0.0/Source/portable/GCC/ARM_CM0/port.o
                0x00000d28                xPortStartScheduler
 .text.vPortYield
                0x00000d8c       0x18 thirdparty/RTOS/freertos/FreeRTOSV10.0.0/Source/portable/GCC/ARM_CM0/port.o
                0x00000d8c                vPortYield
 .text.vPortEnterCritical
                0x00000da4       0x18 thirdparty/RTOS/freertos/FreeRTOSV10.0.0/Source/portable/GCC/ARM_CM0/port.o
                0x00000da4                vPortEnterCritical
 .text.vPortExitCritical
                0x00000dbc       0x20 thirdparty/RTOS/freertos/FreeRTOSV10.0.0/Source/portable/GCC/ARM_CM0/port.o
                0x00000dbc                vPortExitCritical
 .text.ulSetInterruptMaskFromISR
                0x00000ddc        0x8 thirdparty/RTOS/freertos/FreeRTOSV10.0.0/Source/portable/GCC/ARM_CM0/port.o
                0x00000ddc                ulSetInterruptMaskFromISR
 .text.vClearInterruptMaskFromISR
                0x00000de4        0x6 thirdparty/RTOS/freertos/FreeRTOSV10.0.0/Source/portable/GCC/ARM_CM0/port.o
                0x00000de4                vClearInterruptMaskFromISR
 *fill*         0x00000dea        0x6 
 .text.PendSV_Handler
                0x00000df0       0x44 thirdparty/RTOS/freertos/FreeRTOSV10.0.0/Source/portable/GCC/ARM_CM0/port.o
                0x00000df0                PendSV_Handler
 .text.SysTick_Handler
                0x00000e34       0x30 thirdparty/RTOS/freertos/FreeRTOSV10.0.0/Source/portable/GCC/ARM_CM0/port.o
                0x00000e34                SysTick_Handler
 .text.pvPortMalloc
                0x00000e64       0x68 thirdparty/RTOS/freertos/FreeRTOSV10.0.0/Source/portable/MemMang/heap_1.o
                0x00000e64                pvPortMalloc
 .text.vPortFree
                0x00000ecc        0xa thirdparty/RTOS/freertos/FreeRTOSV10.0.0/Source/portable/MemMang/heap_1.o
                0x00000ecc                vPortFree
 *fill*         0x00000ed6        0x2 
 .text.prvIsQueueEmpty
                0x00000ed8       0x1c thirdparty/RTOS/freertos/FreeRTOSV10.0.0/Source/queue.o
 .text.prvCopyDataToQueue
                0x00000ef4       0x7c thirdparty/RTOS/freertos/FreeRTOSV10.0.0/Source/queue.o
 .text.prvNotifyQueueSetContainer
                0x00000f70       0x68 thirdparty/RTOS/freertos/FreeRTOSV10.0.0/Source/queue.o
 .text.prvCopyDataFromQueue
                0x00000fd8       0x28 thirdparty/RTOS/freertos/FreeRTOSV10.0.0/Source/queue.o
 .text.prvUnlockQueue
                0x00001000       0xb0 thirdparty/RTOS/freertos/FreeRTOSV10.0.0/Source/queue.o
 .text.xQueueGenericReset
                0x000010b0       0x7c thirdparty/RTOS/freertos/FreeRTOSV10.0.0/Source/queue.o
                0x000010b0                xQueueGenericReset
 .text.xQueueGenericCreate
                0x0000112c       0x4c thirdparty/RTOS/freertos/FreeRTOSV10.0.0/Source/queue.o
                0x0000112c                xQueueGenericCreate
 .text.xQueueGenericSend
                0x00001178      0x18c thirdparty/RTOS/freertos/FreeRTOSV10.0.0/Source/queue.o
                0x00001178                xQueueGenericSend
 .text.xQueueCreateMutex
                0x00001304       0x2c thirdparty/RTOS/freertos/FreeRTOSV10.0.0/Source/queue.o
                0x00001304                xQueueCreateMutex
 .text.xQueueGenericSendFromISR
                0x00001330       0xd0 thirdparty/RTOS/freertos/FreeRTOSV10.0.0/Source/queue.o
                0x00001330                xQueueGenericSendFromISR
 .text.xQueueReceive
                0x00001400      0x154 thirdparty/RTOS/freertos/FreeRTOSV10.0.0/Source/queue.o
                0x00001400                xQueueReceive
 .text.xQueueSemaphoreTake
                0x00001554      0x198 thirdparty/RTOS/freertos/FreeRTOSV10.0.0/Source/queue.o
                0x00001554                xQueueSemaphoreTake
 .text.vQueueWaitForMessageRestricted
                0x000016ec       0x60 thirdparty/RTOS/freertos/FreeRTOSV10.0.0/Source/queue.o
                0x000016ec                vQueueWaitForMessageRestricted
 .text.prvResetNextTaskUnblockTime
                0x0000174c       0x28 thirdparty/RTOS/freertos/FreeRTOSV10.0.0/Source/tasks.o
 .text.prvIdleTask
                0x00001774       0x18 thirdparty/RTOS/freertos/FreeRTOSV10.0.0/Source/tasks.o
 .text.prvAddCurrentTaskToDelayedList
                0x0000178c       0x70 thirdparty/RTOS/freertos/FreeRTOSV10.0.0/Source/tasks.o
 .text.xTaskCreate
                0x000017fc      0x1cc thirdparty/RTOS/freertos/FreeRTOSV10.0.0/Source/tasks.o
                0x000017fc                xTaskCreate
 .text.vTaskStartScheduler
                0x000019c8       0x68 thirdparty/RTOS/freertos/FreeRTOSV10.0.0/Source/tasks.o
                0x000019c8                vTaskStartScheduler
 .text.vTaskSuspendAll
                0x00001a30       0x10 thirdparty/RTOS/freertos/FreeRTOSV10.0.0/Source/tasks.o
                0x00001a30                vTaskSuspendAll
 .text.xTaskGetTickCount
                0x00001a40        0xc thirdparty/RTOS/freertos/FreeRTOSV10.0.0/Source/tasks.o
                0x00001a40                xTaskGetTickCount
 .text.xTaskIncrementTick
                0x00001a4c      0x10c thirdparty/RTOS/freertos/FreeRTOSV10.0.0/Source/tasks.o
                0x00001a4c                xTaskIncrementTick
 .text.xTaskResumeAll
                0x00001b58       0xf0 thirdparty/RTOS/freertos/FreeRTOSV10.0.0/Source/tasks.o
                0x00001b58                xTaskResumeAll
 .text.vTaskDelay
                0x00001c48       0x40 thirdparty/RTOS/freertos/FreeRTOSV10.0.0/Source/tasks.o
                0x00001c48                vTaskDelay
 .text.vTaskSwitchContext
                0x00001c88       0x8c thirdparty/RTOS/freertos/FreeRTOSV10.0.0/Source/tasks.o
                0x00001c88                vTaskSwitchContext
 .text.vTaskPlaceOnEventList
                0x00001d14       0x2c thirdparty/RTOS/freertos/FreeRTOSV10.0.0/Source/tasks.o
                0x00001d14                vTaskPlaceOnEventList
 .text.vTaskPlaceOnEventListRestricted
                0x00001d40       0x38 thirdparty/RTOS/freertos/FreeRTOSV10.0.0/Source/tasks.o
                0x00001d40                vTaskPlaceOnEventListRestricted
 .text.xTaskRemoveFromEventList
                0x00001d78       0x7c thirdparty/RTOS/freertos/FreeRTOSV10.0.0/Source/tasks.o
                0x00001d78                xTaskRemoveFromEventList
 .text.vTaskInternalSetTimeOutState
                0x00001df4       0x10 thirdparty/RTOS/freertos/FreeRTOSV10.0.0/Source/tasks.o
                0x00001df4                vTaskInternalSetTimeOutState
 .text.xTaskCheckForTimeOut
                0x00001e04       0x6c thirdparty/RTOS/freertos/FreeRTOSV10.0.0/Source/tasks.o
                0x00001e04                xTaskCheckForTimeOut
 .text.vTaskMissedYield
                0x00001e70        0xc thirdparty/RTOS/freertos/FreeRTOSV10.0.0/Source/tasks.o
                0x00001e70                vTaskMissedYield
 .text.xTaskGetSchedulerState
                0x00001e7c       0x1c thirdparty/RTOS/freertos/FreeRTOSV10.0.0/Source/tasks.o
                0x00001e7c                xTaskGetSchedulerState
 .text.xTaskPriorityInherit
                0x00001e98       0x98 thirdparty/RTOS/freertos/FreeRTOSV10.0.0/Source/tasks.o
                0x00001e98                xTaskPriorityInherit
 .text.xTaskPriorityDisinherit
                0x00001f30       0x7c thirdparty/RTOS/freertos/FreeRTOSV10.0.0/Source/tasks.o
                0x00001f30                xTaskPriorityDisinherit
 .text.vTaskPriorityDisinheritAfterTimeout
                0x00001fac       0x8c thirdparty/RTOS/freertos/FreeRTOSV10.0.0/Source/tasks.o
                0x00001fac                vTaskPriorityDisinheritAfterTimeout
 .text.pvTaskIncrementMutexHeldCount
                0x00002038       0x1c thirdparty/RTOS/freertos/FreeRTOSV10.0.0/Source/tasks.o
                0x00002038                pvTaskIncrementMutexHeldCount
 .text.prvInsertTimerInActiveList
                0x00002054       0x44 thirdparty/RTOS/freertos/FreeRTOSV10.0.0/Source/timers.o
 .text.prvCheckForValidListAndQueue
                0x00002098       0x50 thirdparty/RTOS/freertos/FreeRTOSV10.0.0/Source/timers.o
 .text.xTimerCreateTimerTask
                0x000020e8       0x48 thirdparty/RTOS/freertos/FreeRTOSV10.0.0/Source/timers.o
                0x000020e8                xTimerCreateTimerTask
 .text.xTimerGenericCommand
                0x00002130       0x6c thirdparty/RTOS/freertos/FreeRTOSV10.0.0/Source/timers.o
                0x00002130                xTimerGenericCommand
 .text.prvSampleTimeNow
                0x0000219c       0xb0 thirdparty/RTOS/freertos/FreeRTOSV10.0.0/Source/timers.o
 .text.prvTimerTask
                0x0000224c      0x180 thirdparty/RTOS/freertos/FreeRTOSV10.0.0/Source/timers.o
 .text.__libc_init_array
                0x000023cc       0x48 c:/program files (x86)/atmel/studio/7.0/toolchain/arm/arm-gnu-toolchain/bin/../lib/gcc/arm-none-eabi/6.3.1/../../../../arm-none-eabi/lib/thumb/v6-m\libc_nano.a(lib_a-init.o)
                0x000023cc                __libc_init_array
 .text.memcpy   0x00002414       0x12 c:/program files (x86)/atmel/studio/7.0/toolchain/arm/arm-gnu-toolchain/bin/../lib/gcc/arm-none-eabi/6.3.1/../../../../arm-none-eabi/lib/thumb/v6-m\libc_nano.a(lib_a-memcpy-stub.o)
                0x00002414                memcpy
 .text.memset   0x00002426       0x10 c:/program files (x86)/atmel/studio/7.0/toolchain/arm/arm-gnu-toolchain/bin/../lib/gcc/arm-none-eabi/6.3.1/../../../../arm-none-eabi/lib/thumb/v6-m\libc_nano.a(lib_a-memset.o)
                0x00002426                memset
 *(.glue_7t)
 .glue_7t       0x00002436        0x0 linker stubs
 *(.glue_7)
 .glue_7        0x00002436        0x0 linker stubs
 *(.rodata .rodata* .gnu.linkonce.r.*)
 *fill*         0x00002436        0x2 
 .rodata.str1.4
                0x00002438       0x14 hal/src/hal_io.o
 .rodata.str1.4
                0x0000244c       0x1d hal/src/hal_usart_async.o
 *fill*         0x00002469        0x3 
 .rodata.str1.4
                0x0000246c       0x24 hal/utils/src/utils_ringbuffer.o
 .rodata        0x00002490       0x38 hpl/sercom/hpl_sercom.o
 .rodata.str1.4
                0x000024c8       0x1b hpl/sercom/hpl_sercom.o
 *fill*         0x000024e3        0x1 
 .rodata.str1.4
                0x000024e4        0x8 rtos_start.o
 .rodata.str1.4
                0x000024ec       0x17 thirdparty/RTOS/freertos/FreeRTOSV10.0.0/Source/tasks.o
 *fill*         0x00002503        0x1 
 .rodata        0x00002504       0x28 thirdparty/RTOS/freertos/FreeRTOSV10.0.0/Source/timers.o
 .rodata.str1.4
                0x0000252c        0x8 thirdparty/RTOS/freertos/FreeRTOSV10.0.0/Source/timers.o
 *(.ARM.extab* .gnu.linkonce.armextab.*)
                0x00002534                . = ALIGN (0x4)
 *(.init)
 .init          0x00002534        0x4 c:/program files (x86)/atmel/studio/7.0/toolchain/arm/arm-gnu-toolchain/bin/../lib/gcc/arm-none-eabi/6.3.1/thumb/v6-m/crti.o
                0x00002534                _init
 .init          0x00002538        0x8 c:/program files (x86)/atmel/studio/7.0/toolchain/arm/arm-gnu-toolchain/bin/../lib/gcc/arm-none-eabi/6.3.1/thumb/v6-m/crtn.o
                0x00002540                . = ALIGN (0x4)
                0x00002540                __preinit_array_start = .
 *(.preinit_array)
                0x00002540                __preinit_array_end = .
                0x00002540                . = ALIGN (0x4)
                0x00002540                __init_array_start = .
 *(SORT(.init_array.*))
 *(.init_array)
 .init_array    0x00002540        0x4 c:/program files (x86)/atmel/studio/7.0/toolchain/arm/arm-gnu-toolchain/bin/../lib/gcc/arm-none-eabi/6.3.1/thumb/v6-m/crtbegin.o
                0x00002544                __init_array_end = .
                0x00002544                . = ALIGN (0x4)
 *crtbegin.o(.ctors)
 *(EXCLUDE_FILE(*crtend.o) .ctors)
 *(SORT(.ctors.*))
 *crtend.o(.ctors)
                0x00002544                . = ALIGN (0x4)
 *(.fini)
 .fini          0x00002544        0x4 c:/program files (x86)/atmel/studio/7.0/toolchain/arm/arm-gnu-toolchain/bin/../lib/gcc/arm-none-eabi/6.3.1/thumb/v6-m/crti.o
                0x00002544                _fini
 .fini          0x00002548        0x8 c:/program files (x86)/atmel/studio/7.0/toolchain/arm/arm-gnu-toolchain/bin/../lib/gcc/arm-none-eabi/6.3.1/thumb/v6-m/crtn.o
                0x00002550                . = ALIGN (0x4)
                0x00002550                __fini_array_start = .
 *(.fini_array)
 .fini_array    0x00002550        0x4 c:/program files (x86)/atmel/studio/7.0/toolchain/arm/arm-gnu-toolchain/bin/../lib/gcc/arm-none-eabi/6.3.1/thumb/v6-m/crtbegin.o
 *(SORT(.fini_array.*))
                0x00002554                __fini_array_end = .
 *crtbegin.o(.dtors)
 *(EXCLUDE_FILE(*crtend.o) .dtors)
 *(SORT(.dtors.*))
 *crtend.o(.dtors)
                0x00002554                . = ALIGN (0x4)
                0x00002554                _efixed = .
                [!provide]                PROVIDE (__exidx_start, .)

.vfp11_veneer   0x00002554        0x0
 .vfp11_veneer  0x00002554        0x0 linker stubs

.v4_bx          0x00002554        0x0
 .v4_bx         0x00002554        0x0 linker stubs

.iplt           0x00002554        0x0
 .iplt          0x00002554        0x0 c:/program files (x86)/atmel/studio/7.0/toolchain/arm/arm-gnu-toolchain/bin/../lib/gcc/arm-none-eabi/6.3.1/thumb/v6-m/crtbegin.o

.eh_frame       0x00002554        0x0
 .eh_frame      0x00002554        0x0 c:/program files (x86)/atmel/studio/7.0/toolchain/arm/arm-gnu-toolchain/bin/../lib/gcc/arm-none-eabi/6.3.1/thumb/v6-m/crtbegin.o

.rel.dyn        0x00002554        0x0
 .rel.iplt      0x00002554        0x0 c:/program files (x86)/atmel/studio/7.0/toolchain/arm/arm-gnu-toolchain/bin/../lib/gcc/arm-none-eabi/6.3.1/thumb/v6-m/crtbegin.o

.jcr            0x00002554        0x0
 .jcr           0x00002554        0x0 c:/program files (x86)/atmel/studio/7.0/toolchain/arm/arm-gnu-toolchain/bin/../lib/gcc/arm-none-eabi/6.3.1/thumb/v6-m/crtbegin.o

.igot.plt       0x00002554        0x0
 .igot.plt      0x00002554        0x0 c:/program files (x86)/atmel/studio/7.0/toolchain/arm/arm-gnu-toolchain/bin/../lib/gcc/arm-none-eabi/6.3.1/thumb/v6-m/crtbegin.o

.ARM.exidx
 *(.ARM.exidx* .gnu.linkonce.armexidx.*)
                [!provide]                PROVIDE (__exidx_end, .)
                0x00002554                . = ALIGN (0x4)
                0x00002554                _etext = .

.relocate       0x20000000       0x10 load address 0x00002554
                0x20000000                . = ALIGN (0x4)
                0x20000000                _srelocate = .
 *(.ramfunc .ramfunc.*)
 *(.data .data.*)
 .data          0x20000000        0xc examples/driver_examples.o
 .data          0x2000000c        0x4 thirdparty/RTOS/freertos/FreeRTOSV10.0.0/Source/portable/GCC/ARM_CM0/port.o
                0x20000010                . = ALIGN (0x4)
                0x20000010                _erelocate = .

.bss            0x20000010      0xb18 load address 0x00002564
                0x20000010                . = ALIGN (0x4)
                0x20000010                _sbss = .
                0x20000010                _szero = .
 *(.bss .bss.*)
 .bss           0x20000010       0x1c c:/program files (x86)/atmel/studio/7.0/toolchain/arm/arm-gnu-toolchain/bin/../lib/gcc/arm-none-eabi/6.3.1/thumb/v6-m/crtbegin.o
 .bss           0x2000002c       0x10 driver_init.o
 .bss           0x2000003c        0x4 hal/src/hal_delay.o
 .bss           0x20000040        0x4 hpl/sercom/hpl_sercom.o
 .bss           0x20000044        0x4 rtos_start.o
 .bss           0x20000048      0x968 thirdparty/RTOS/freertos/FreeRTOSV10.0.0/Source/portable/MemMang/heap_1.o
 .bss           0x200009b0       0xec thirdparty/RTOS/freertos/FreeRTOSV10.0.0/Source/tasks.o
                0x20000a48                pxCurrentTCB
 .bss           0x20000a9c       0x3c thirdparty/RTOS/freertos/FreeRTOSV10.0.0/Source/timers.o
 *(COMMON)
 COMMON         0x20000ad8       0x50 driver_init.o
                0x20000ad8                USART_On_USBPort
                0x20000b28                . = ALIGN (0x4)
                0x20000b28                _ebss = .
                0x20000b28                _ezero = .

.stack          0x20000b28     0x2000 load address 0x0000307c
                0x20000b28                . = ALIGN (0x8)
                0x20000b28                _sstack = .
                0x20002b28                . = (. + STACK_SIZE)
 *fill*         0x20000b28     0x2000 
                0x20002b28                . = ALIGN (0x8)
                0x20002b28                _estack = .
                0x20002b28                . = ALIGN (0x4)
                0x20002b28                _end = .
OUTPUT(RoadScannerDataAcquire.elf elf32-littlearm)

.ARM.attributes
                0x00000000       0x28
 .ARM.attributes
                0x00000000       0x1e c:/program files (x86)/atmel/studio/7.0/toolchain/arm/arm-gnu-toolchain/bin/../lib/gcc/arm-none-eabi/6.3.1/thumb/v6-m/crti.o
 .ARM.attributes
                0x0000001e       0x2c c:/program files (x86)/atmel/studio/7.0/toolchain/arm/arm-gnu-toolchain/bin/../lib/gcc/arm-none-eabi/6.3.1/thumb/v6-m/crtbegin.o
 .ARM.attributes
                0x0000004a       0x32 atmel_start.o
 .ARM.attributes
                0x0000007c       0x32 Device_Startup/startup_samc21.o
 .ARM.attributes
                0x000000ae       0x32 driver_init.o
 .ARM.attributes
                0x000000e0       0x32 examples/driver_examples.o
 .ARM.attributes
                0x00000112       0x32 hal/src/hal_atomic.o
 .ARM.attributes
                0x00000144       0x32 hal/src/hal_delay.o
 .ARM.attributes
                0x00000176       0x32 hal/src/hal_io.o
 .ARM.attributes
                0x000001a8       0x32 hal/src/hal_usart_async.o
 .ARM.attributes
                0x000001da       0x32 hal/utils/src/utils_assert.o
 .ARM.attributes
                0x0000020c       0x32 hal/utils/src/utils_ringbuffer.o
 .ARM.attributes
                0x0000023e       0x32 hpl/core/hpl_core_m0plus_base.o
 .ARM.attributes
                0x00000270       0x32 hpl/core/hpl_init.o
 .ARM.attributes
                0x000002a2       0x32 hpl/divas/hpl_divas.o
 .ARM.attributes
                0x000002d4       0x32 hpl/gclk/hpl_gclk.o
 .ARM.attributes
                0x00000306       0x32 hpl/mclk/hpl_mclk.o
 .ARM.attributes
                0x00000338       0x32 hpl/osc32kctrl/hpl_osc32kctrl.o
 .ARM.attributes
                0x0000036a       0x32 hpl/oscctrl/hpl_oscctrl.o
 .ARM.attributes
                0x0000039c       0x32 hpl/sercom/hpl_sercom.o
 .ARM.attributes
                0x000003ce       0x32 hpl/systick/hpl_systick.o
 .ARM.attributes
                0x00000400       0x32 main.o
 .ARM.attributes
                0x00000432       0x32 rtos_start.o
 .ARM.attributes
                0x00000464       0x32 thirdparty/RTOS/freertos/FreeRTOSV10.0.0/Source/list.o
 .ARM.attributes
                0x00000496       0x32 thirdparty/RTOS/freertos/FreeRTOSV10.0.0/Source/portable/GCC/ARM_CM0/port.o
 .ARM.attributes
                0x000004c8       0x32 thirdparty/RTOS/freertos/FreeRTOSV10.0.0/Source/portable/MemMang/heap_1.o
 .ARM.attributes
                0x000004fa       0x32 thirdparty/RTOS/freertos/FreeRTOSV10.0.0/Source/queue.o
 .ARM.attributes
                0x0000052c       0x32 thirdparty/RTOS/freertos/FreeRTOSV10.0.0/Source/tasks.o
 .ARM.attributes
                0x0000055e       0x32 thirdparty/RTOS/freertos/FreeRTOSV10.0.0/Source/timers.o
 .ARM.attributes
                0x00000590       0x2c c:/program files (x86)/atmel/studio/7.0/toolchain/arm/arm-gnu-toolchain/bin/../lib/gcc/arm-none-eabi/6.3.1/../../../../arm-none-eabi/lib/thumb/v6-m\libc_nano.a(lib_a-init.o)
 .ARM.attributes
                0x000005bc       0x2c c:/program files (x86)/atmel/studio/7.0/toolchain/arm/arm-gnu-toolchain/bin/../lib/gcc/arm-none-eabi/6.3.1/../../../../arm-none-eabi/lib/thumb/v6-m\libc_nano.a(lib_a-memcpy-stub.o)
 .ARM.attributes
                0x000005e8       0x2c c:/program files (x86)/atmel/studio/7.0/toolchain/arm/arm-gnu-toolchain/bin/../lib/gcc/arm-none-eabi/6.3.1/../../../../arm-none-eabi/lib/thumb/v6-m\libc_nano.a(lib_a-memset.o)
 .ARM.attributes
                0x00000614       0x1e c:/program files (x86)/atmel/studio/7.0/toolchain/arm/arm-gnu-toolchain/bin/../lib/gcc/arm-none-eabi/6.3.1/thumb/v6-m/crtn.o

.comment        0x00000000       0x59
 .comment       0x00000000       0x59 atmel_start.o
                                 0x5a (size before relaxing)
 .comment       0x00000059       0x5a Device_Startup/startup_samc21.o
 .comment       0x00000059       0x5a driver_init.o
 .comment       0x00000059       0x5a examples/driver_examples.o
 .comment       0x00000059       0x5a hal/src/hal_atomic.o
 .comment       0x00000059       0x5a hal/src/hal_delay.o
 .comment       0x00000059       0x5a hal/src/hal_io.o
 .comment       0x00000059       0x5a hal/src/hal_usart_async.o
 .comment       0x00000059       0x5a hal/utils/src/utils_assert.o
 .comment       0x00000059       0x5a hal/utils/src/utils_ringbuffer.o
 .comment       0x00000059       0x5a hpl/core/hpl_core_m0plus_base.o
 .comment       0x00000059       0x5a hpl/core/hpl_init.o
 .comment       0x00000059       0x5a hpl/divas/hpl_divas.o
 .comment       0x00000059       0x5a hpl/gclk/hpl_gclk.o
 .comment       0x00000059       0x5a hpl/mclk/hpl_mclk.o
 .comment       0x00000059       0x5a hpl/osc32kctrl/hpl_osc32kctrl.o
 .comment       0x00000059       0x5a hpl/oscctrl/hpl_oscctrl.o
 .comment       0x00000059       0x5a hpl/sercom/hpl_sercom.o
 .comment       0x00000059       0x5a hpl/systick/hpl_systick.o
 .comment       0x00000059       0x5a main.o
 .comment       0x00000059       0x5a rtos_start.o
 .comment       0x00000059       0x5a thirdparty/RTOS/freertos/FreeRTOSV10.0.0/Source/list.o
 .comment       0x00000059       0x5a thirdparty/RTOS/freertos/FreeRTOSV10.0.0/Source/portable/GCC/ARM_CM0/port.o
 .comment       0x00000059       0x5a thirdparty/RTOS/freertos/FreeRTOSV10.0.0/Source/portable/MemMang/heap_1.o
 .comment       0x00000059       0x5a thirdparty/RTOS/freertos/FreeRTOSV10.0.0/Source/queue.o
 .comment       0x00000059       0x5a thirdparty/RTOS/freertos/FreeRTOSV10.0.0/Source/tasks.o
 .comment       0x00000059       0x5a thirdparty/RTOS/freertos/FreeRTOSV10.0.0/Source/timers.o

.debug_info     0x00000000    0x1e394
 .debug_info    0x00000000      0x3d3 atmel_start.o
 .debug_info    0x000003d3      0x523 Device_Startup/startup_samc21.o
 .debug_info    0x000008f6     0x37c6 driver_init.o
 .debug_info    0x000040bc      0x509 examples/driver_examples.o
 .debug_info    0x000045c5      0x1d1 hal/src/hal_atomic.o
 .debug_info    0x00004796      0x1dc hal/src/hal_delay.o
 .debug_info    0x00004972      0x2b2 hal/src/hal_io.o
 .debug_info    0x00004c24     0x1366 hal/src/hal_usart_async.o
 .debug_info    0x00005f8a      0x107 hal/utils/src/utils_assert.o
 .debug_info    0x00006091      0x313 hal/utils/src/utils_ringbuffer.o
 .debug_info    0x000063a4      0x825 hpl/core/hpl_core_m0plus_base.o
 .debug_info    0x00006bc9      0x75c hpl/core/hpl_init.o
 .debug_info    0x00007325      0x854 hpl/divas/hpl_divas.o
 .debug_info    0x00007b79      0x582 hpl/gclk/hpl_gclk.o
 .debug_info    0x000080fb      0x879 hpl/mclk/hpl_mclk.o
 .debug_info    0x00008974      0x770 hpl/osc32kctrl/hpl_osc32kctrl.o
 .debug_info    0x000090e4      0xdd6 hpl/oscctrl/hpl_oscctrl.o
 .debug_info    0x00009eba     0xb619 hpl/sercom/hpl_sercom.o
 .debug_info    0x000154d3      0x276 hpl/systick/hpl_systick.o
 .debug_info    0x00015749      0x427 main.o
 .debug_info    0x00015b70      0x548 rtos_start.o
 .debug_info    0x000160b8      0xbd6 thirdparty/RTOS/freertos/FreeRTOSV10.0.0/Source/list.o
 .debug_info    0x00016c8e      0x303 thirdparty/RTOS/freertos/FreeRTOSV10.0.0/Source/portable/GCC/ARM_CM0/port.o
 .debug_info    0x00016f91      0xaca thirdparty/RTOS/freertos/FreeRTOSV10.0.0/Source/portable/MemMang/heap_1.o
 .debug_info    0x00017a5b     0x25a6 thirdparty/RTOS/freertos/FreeRTOSV10.0.0/Source/queue.o
 .debug_info    0x0001a001     0x2ad4 thirdparty/RTOS/freertos/FreeRTOSV10.0.0/Source/tasks.o
 .debug_info    0x0001cad5     0x18bf thirdparty/RTOS/freertos/FreeRTOSV10.0.0/Source/timers.o

.debug_abbrev   0x00000000     0x374a
 .debug_abbrev  0x00000000       0xe3 atmel_start.o
 .debug_abbrev  0x000000e3      0x14f Device_Startup/startup_samc21.o
 .debug_abbrev  0x00000232      0x34b driver_init.o
 .debug_abbrev  0x0000057d      0x16d examples/driver_examples.o
 .debug_abbrev  0x000006ea      0x144 hal/src/hal_atomic.o
 .debug_abbrev  0x0000082e       0xe1 hal/src/hal_delay.o
 .debug_abbrev  0x0000090f      0x115 hal/src/hal_io.o
 .debug_abbrev  0x00000a24      0x29d hal/src/hal_usart_async.o
 .debug_abbrev  0x00000cc1       0x86 hal/utils/src/utils_assert.o
 .debug_abbrev  0x00000d47      0x101 hal/utils/src/utils_ringbuffer.o
 .debug_abbrev  0x00000e48      0x2af hpl/core/hpl_core_m0plus_base.o
 .debug_abbrev  0x000010f7      0x1ce hpl/core/hpl_init.o
 .debug_abbrev  0x000012c5      0x232 hpl/divas/hpl_divas.o
 .debug_abbrev  0x000014f7      0x19a hpl/gclk/hpl_gclk.o
 .debug_abbrev  0x00001691      0x1ac hpl/mclk/hpl_mclk.o
 .debug_abbrev  0x0000183d      0x1d1 hpl/osc32kctrl/hpl_osc32kctrl.o
 .debug_abbrev  0x00001a0e      0x209 hpl/oscctrl/hpl_oscctrl.o
 .debug_abbrev  0x00001c17      0x5e2 hpl/sercom/hpl_sercom.o
 .debug_abbrev  0x000021f9      0x185 hpl/systick/hpl_systick.o
 .debug_abbrev  0x0000237e       0xfc main.o
 .debug_abbrev  0x0000247a      0x15c rtos_start.o
 .debug_abbrev  0x000025d6      0x221 thirdparty/RTOS/freertos/FreeRTOSV10.0.0/Source/list.o
 .debug_abbrev  0x000027f7      0x1c8 thirdparty/RTOS/freertos/FreeRTOSV10.0.0/Source/portable/GCC/ARM_CM0/port.o
 .debug_abbrev  0x000029bf      0x240 thirdparty/RTOS/freertos/FreeRTOSV10.0.0/Source/portable/MemMang/heap_1.o
 .debug_abbrev  0x00002bff      0x369 thirdparty/RTOS/freertos/FreeRTOSV10.0.0/Source/queue.o
 .debug_abbrev  0x00002f68      0x429 thirdparty/RTOS/freertos/FreeRTOSV10.0.0/Source/tasks.o
 .debug_abbrev  0x00003391      0x3b9 thirdparty/RTOS/freertos/FreeRTOSV10.0.0/Source/timers.o

.debug_loc      0x00000000     0xee86
 .debug_loc     0x00000000       0x20 atmel_start.o
 .debug_loc     0x00000020       0x40 Device_Startup/startup_samc21.o
 .debug_loc     0x00000060      0x288 driver_init.o
 .debug_loc     0x000002e8       0x4c examples/driver_examples.o
 .debug_loc     0x00000334       0x13 hal/src/hal_atomic.o
 .debug_loc     0x00000347       0xc3 hal/src/hal_delay.o
 .debug_loc     0x0000040a      0x18a hal/src/hal_io.o
 .debug_loc     0x00000594      0xf97 hal/src/hal_usart_async.o
 .debug_loc     0x0000152b      0x2d1 hal/utils/src/utils_ringbuffer.o
 .debug_loc     0x000017fc      0x1d7 hpl/core/hpl_core_m0plus_base.o
 .debug_loc     0x000019d3       0x4c hpl/core/hpl_init.o
 .debug_loc     0x00001a1f      0x2a5 hpl/divas/hpl_divas.o
 .debug_loc     0x00001cc4       0x72 hpl/gclk/hpl_gclk.o
 .debug_loc     0x00001d36       0x2c hpl/mclk/hpl_mclk.o
 .debug_loc     0x00001d62       0x94 hpl/osc32kctrl/hpl_osc32kctrl.o
 .debug_loc     0x00001df6       0x74 hpl/oscctrl/hpl_oscctrl.o
 .debug_loc     0x00001e6a     0x81b6 hpl/sercom/hpl_sercom.o
 .debug_loc     0x0000a020      0x10e hpl/systick/hpl_systick.o
 .debug_loc     0x0000a12e       0x20 main.o
 .debug_loc     0x0000a14e       0x6d rtos_start.o
 .debug_loc     0x0000a1bb       0x72 thirdparty/RTOS/freertos/FreeRTOSV10.0.0/Source/list.o
 .debug_loc     0x0000a22d      0x133 thirdparty/RTOS/freertos/FreeRTOSV10.0.0/Source/portable/GCC/ARM_CM0/port.o
 .debug_loc     0x0000a360       0x7f thirdparty/RTOS/freertos/FreeRTOSV10.0.0/Source/portable/MemMang/heap_1.o
 .debug_loc     0x0000a3df     0x1e0f thirdparty/RTOS/freertos/FreeRTOSV10.0.0/Source/queue.o
 .debug_loc     0x0000c1ee     0x207e thirdparty/RTOS/freertos/FreeRTOSV10.0.0/Source/tasks.o
 .debug_loc     0x0000e26c      0xc1a thirdparty/RTOS/freertos/FreeRTOSV10.0.0/Source/timers.o

.debug_aranges  0x00000000      0xdb0
 .debug_aranges
                0x00000000       0x20 atmel_start.o
 .debug_aranges
                0x00000020       0x28 Device_Startup/startup_samc21.o
 .debug_aranges
                0x00000048       0x40 driver_init.o
 .debug_aranges
                0x00000088       0x30 examples/driver_examples.o
 .debug_aranges
                0x000000b8       0x30 hal/src/hal_atomic.o
 .debug_aranges
                0x000000e8       0x38 hal/src/hal_delay.o
 .debug_aranges
                0x00000120       0x30 hal/src/hal_io.o
 .debug_aranges
                0x00000150       0xe0 hal/src/hal_usart_async.o
 .debug_aranges
                0x00000230       0x20 hal/utils/src/utils_assert.o
 .debug_aranges
                0x00000250       0x40 hal/utils/src/utils_ringbuffer.o
 .debug_aranges
                0x00000290       0x70 hpl/core/hpl_core_m0plus_base.o
 .debug_aranges
                0x00000300       0x20 hpl/core/hpl_init.o
 .debug_aranges
                0x00000320       0x40 hpl/divas/hpl_divas.o
 .debug_aranges
                0x00000360       0x28 hpl/gclk/hpl_gclk.o
 .debug_aranges
                0x00000388       0x20 hpl/mclk/hpl_mclk.o
 .debug_aranges
                0x000003a8       0x20 hpl/osc32kctrl/hpl_osc32kctrl.o
 .debug_aranges
                0x000003c8       0x28 hpl/oscctrl/hpl_oscctrl.o
 .debug_aranges
                0x000003f0      0x4e0 hpl/sercom/hpl_sercom.o
 .debug_aranges
                0x000008d0       0x48 hpl/systick/hpl_systick.o
 .debug_aranges
                0x00000918       0x20 main.o
 .debug_aranges
                0x00000938       0x28 rtos_start.o
 .debug_aranges
                0x00000960       0x40 thirdparty/RTOS/freertos/FreeRTOSV10.0.0/Source/list.o
 .debug_aranges
                0x000009a0       0x80 thirdparty/RTOS/freertos/FreeRTOSV10.0.0/Source/portable/GCC/ARM_CM0/port.o
 .debug_aranges
                0x00000a20       0x38 thirdparty/RTOS/freertos/FreeRTOSV10.0.0/Source/portable/MemMang/heap_1.o
 .debug_aranges
                0x00000a58      0x128 thirdparty/RTOS/freertos/FreeRTOSV10.0.0/Source/queue.o
 .debug_aranges
                0x00000b80      0x198 thirdparty/RTOS/freertos/FreeRTOSV10.0.0/Source/tasks.o
 .debug_aranges
                0x00000d18       0x98 thirdparty/RTOS/freertos/FreeRTOSV10.0.0/Source/timers.o

.debug_ranges   0x00000000     0x1448
 .debug_ranges  0x00000000       0x10 atmel_start.o
 .debug_ranges  0x00000010       0x18 Device_Startup/startup_samc21.o
 .debug_ranges  0x00000028       0x30 driver_init.o
 .debug_ranges  0x00000058       0x20 examples/driver_examples.o
 .debug_ranges  0x00000078       0x20 hal/src/hal_atomic.o
 .debug_ranges  0x00000098       0x28 hal/src/hal_delay.o
 .debug_ranges  0x000000c0       0x20 hal/src/hal_io.o
 .debug_ranges  0x000000e0       0xf0 hal/src/hal_usart_async.o
 .debug_ranges  0x000001d0       0x10 hal/utils/src/utils_assert.o
 .debug_ranges  0x000001e0       0x30 hal/utils/src/utils_ringbuffer.o
 .debug_ranges  0x00000210       0x60 hpl/core/hpl_core_m0plus_base.o
 .debug_ranges  0x00000270       0x10 hpl/core/hpl_init.o
 .debug_ranges  0x00000280       0x30 hpl/divas/hpl_divas.o
 .debug_ranges  0x000002b0       0x18 hpl/gclk/hpl_gclk.o
 .debug_ranges  0x000002c8       0x10 hpl/mclk/hpl_mclk.o
 .debug_ranges  0x000002d8       0x10 hpl/osc32kctrl/hpl_osc32kctrl.o
 .debug_ranges  0x000002e8       0x48 hpl/oscctrl/hpl_oscctrl.o
 .debug_ranges  0x00000330      0xaa0 hpl/sercom/hpl_sercom.o
 .debug_ranges  0x00000dd0       0x38 hpl/systick/hpl_systick.o
 .debug_ranges  0x00000e08       0x10 main.o
 .debug_ranges  0x00000e18       0x18 rtos_start.o
 .debug_ranges  0x00000e30       0x30 thirdparty/RTOS/freertos/FreeRTOSV10.0.0/Source/list.o
 .debug_ranges  0x00000e60       0x70 thirdparty/RTOS/freertos/FreeRTOSV10.0.0/Source/portable/GCC/ARM_CM0/port.o
 .debug_ranges  0x00000ed0       0x28 thirdparty/RTOS/freertos/FreeRTOSV10.0.0/Source/portable/MemMang/heap_1.o
 .debug_ranges  0x00000ef8      0x208 thirdparty/RTOS/freertos/FreeRTOSV10.0.0/Source/queue.o
 .debug_ranges  0x00001100      0x288 thirdparty/RTOS/freertos/FreeRTOSV10.0.0/Source/tasks.o
 .debug_ranges  0x00001388       0xc0 thirdparty/RTOS/freertos/FreeRTOSV10.0.0/Source/timers.o

.debug_macro    0x00000000    0x210c9
 .debug_macro   0x00000000      0x66a atmel_start.o
 .debug_macro   0x0000066a      0x89e atmel_start.o
 .debug_macro   0x00000f08      0x16d atmel_start.o
 .debug_macro   0x00001075       0x22 atmel_start.o
 .debug_macro   0x00001097       0x87 atmel_start.o
 .debug_macro   0x0000111e       0x51 atmel_start.o
 .debug_macro   0x0000116f       0xef atmel_start.o
 .debug_macro   0x0000125e       0x6a atmel_start.o
 .debug_macro   0x000012c8      0x1df atmel_start.o
 .debug_macro   0x000014a7       0x22 atmel_start.o
 .debug_macro   0x000014c9       0x85 atmel_start.o
 .debug_macro   0x0000154e       0x1c atmel_start.o
 .debug_macro   0x0000156a       0x22 atmel_start.o
 .debug_macro   0x0000158c       0xb5 atmel_start.o
 .debug_macro   0x00001641      0x4da atmel_start.o
 .debug_macro   0x00001b1b      0x11f atmel_start.o
 .debug_macro   0x00001c3a      0x897 atmel_start.o
 .debug_macro   0x000024d1      0x8ce atmel_start.o
 .debug_macro   0x00002d9f     0x2d61 atmel_start.o
 .debug_macro   0x00005b00      0x23a atmel_start.o
 .debug_macro   0x00005d3a      0x282 atmel_start.o
 .debug_macro   0x00005fbc      0x130 atmel_start.o
 .debug_macro   0x000060ec      0xc36 atmel_start.o
 .debug_macro   0x00006d22      0x5f5 atmel_start.o
 .debug_macro   0x00007317      0x67b atmel_start.o
 .debug_macro   0x00007992      0x824 atmel_start.o
 .debug_macro   0x000081b6      0x17e atmel_start.o
 .debug_macro   0x00008334      0x306 atmel_start.o
 .debug_macro   0x0000863a      0x55f atmel_start.o
 .debug_macro   0x00008b99      0x48a atmel_start.o
 .debug_macro   0x00009023      0x21c atmel_start.o
 .debug_macro   0x0000923f      0x72e atmel_start.o
 .debug_macro   0x0000996d      0x5ab atmel_start.o
 .debug_macro   0x00009f18      0x335 atmel_start.o
 .debug_macro   0x0000a24d      0x751 atmel_start.o
 .debug_macro   0x0000a99e       0xdc atmel_start.o
 .debug_macro   0x0000aa7a      0x340 atmel_start.o
 .debug_macro   0x0000adba       0x6a atmel_start.o
 .debug_macro   0x0000ae24     0x124b atmel_start.o
 .debug_macro   0x0000c06f      0x5a5 atmel_start.o
 .debug_macro   0x0000c614      0xfc4 atmel_start.o
 .debug_macro   0x0000d5d8      0x622 atmel_start.o
 .debug_macro   0x0000dbfa      0x930 atmel_start.o
 .debug_macro   0x0000e52a     0x19be atmel_start.o
 .debug_macro   0x0000fee8      0x39c atmel_start.o
 .debug_macro   0x00010284      0x36a atmel_start.o
 .debug_macro   0x000105ee       0x94 atmel_start.o
 .debug_macro   0x00010682       0xac atmel_start.o
 .debug_macro   0x0001072e       0xac atmel_start.o
 .debug_macro   0x000107da      0x149 atmel_start.o
 .debug_macro   0x00010923      0x149 atmel_start.o
 .debug_macro   0x00010a6c       0x46 atmel_start.o
 .debug_macro   0x00010ab2       0x58 atmel_start.o
 .debug_macro   0x00010b0a       0x3a atmel_start.o
 .debug_macro   0x00010b44       0xd0 atmel_start.o
 .debug_macro   0x00010c14       0xb2 atmel_start.o
 .debug_macro   0x00010cc6       0x7c atmel_start.o
 .debug_macro   0x00010d42      0x643 atmel_start.o
 .debug_macro   0x00011385       0x46 atmel_start.o
 .debug_macro   0x000113cb      0x1e6 atmel_start.o
 .debug_macro   0x000115b1      0x184 atmel_start.o
 .debug_macro   0x00011735       0x58 atmel_start.o
 .debug_macro   0x0001178d       0xa0 atmel_start.o
 .debug_macro   0x0001182d       0xd6 atmel_start.o
 .debug_macro   0x00011903       0x94 atmel_start.o
 .debug_macro   0x00011997       0x4c atmel_start.o
 .debug_macro   0x000119e3       0x70 atmel_start.o
 .debug_macro   0x00011a53       0x22 atmel_start.o
 .debug_macro   0x00011a75      0x1da atmel_start.o
 .debug_macro   0x00011c4f       0x2e atmel_start.o
 .debug_macro   0x00011c7d       0x16 atmel_start.o
 .debug_macro   0x00011c93       0xd6 atmel_start.o
 .debug_macro   0x00011d69       0xa0 atmel_start.o
 .debug_macro   0x00011e09      0x133 atmel_start.o
 .debug_macro   0x00011f3c      0x133 atmel_start.o
 .debug_macro   0x0001206f      0x133 atmel_start.o
 .debug_macro   0x000121a2      0x133 atmel_start.o
 .debug_macro   0x000122d5      0x133 atmel_start.o
 .debug_macro   0x00012408      0x133 atmel_start.o
 .debug_macro   0x0001253b      0x133 atmel_start.o
 .debug_macro   0x0001266e      0x133 atmel_start.o
 .debug_macro   0x000127a1       0x52 atmel_start.o
 .debug_macro   0x000127f3       0xfa atmel_start.o
 .debug_macro   0x000128ed       0xfa atmel_start.o
 .debug_macro   0x000129e7       0xfa atmel_start.o
 .debug_macro   0x00012ae1       0xfa atmel_start.o
 .debug_macro   0x00012bdb       0xfa atmel_start.o
 .debug_macro   0x00012cd5       0xfa atmel_start.o
 .debug_macro   0x00012dcf       0xfa atmel_start.o
 .debug_macro   0x00012ec9       0xfa atmel_start.o
 .debug_macro   0x00012fc3      0x124 atmel_start.o
 .debug_macro   0x000130e7       0xfa atmel_start.o
 .debug_macro   0x000131e1       0xee atmel_start.o
 .debug_macro   0x000132cf       0x76 atmel_start.o
 .debug_macro   0x00013345       0x3a atmel_start.o
 .debug_macro   0x0001337f      0x4db atmel_start.o
 .debug_macro   0x0001385a     0x329c atmel_start.o
 .debug_macro   0x00016af6       0x89 atmel_start.o
 .debug_macro   0x00016b7f       0x10 atmel_start.o
 .debug_macro   0x00016b8f       0x10 atmel_start.o
 .debug_macro   0x00016b9f       0x16 atmel_start.o
 .debug_macro   0x00016bb5       0x16 atmel_start.o
 .debug_macro   0x00016bcb       0x16 atmel_start.o
 .debug_macro   0x00016be1       0x16 atmel_start.o
 .debug_macro   0x00016bf7       0x16 atmel_start.o
 .debug_macro   0x00016c0d       0x16 atmel_start.o
 .debug_macro   0x00016c23       0x16 atmel_start.o
 .debug_macro   0x00016c39       0x16 atmel_start.o
 .debug_macro   0x00016c4f       0x16 atmel_start.o
 .debug_macro   0x00016c65       0x16 atmel_start.o
 .debug_macro   0x00016c7b       0x16 atmel_start.o
 .debug_macro   0x00016c91       0x16 atmel_start.o
 .debug_macro   0x00016ca7       0x16 atmel_start.o
 .debug_macro   0x00016cbd       0x16 atmel_start.o
 .debug_macro   0x00016cd3       0x16 atmel_start.o
 .debug_macro   0x00016ce9       0x16 atmel_start.o
 .debug_macro   0x00016cff       0x16 atmel_start.o
 .debug_macro   0x00016d15       0x16 atmel_start.o
 .debug_macro   0x00016d2b       0x16 atmel_start.o
 .debug_macro   0x00016d41       0x16 atmel_start.o
 .debug_macro   0x00016d57       0x16 atmel_start.o
 .debug_macro   0x00016d6d      0x262 atmel_start.o
 .debug_macro   0x00016fcf       0x16 atmel_start.o
 .debug_macro   0x00016fe5       0x94 atmel_start.o
 .debug_macro   0x00017079       0x16 atmel_start.o
 .debug_macro   0x0001708f       0xbe atmel_start.o
 .debug_macro   0x0001714d      0x28c atmel_start.o
 .debug_macro   0x000173d9       0x16 atmel_start.o
 .debug_macro   0x000173ef       0x16 atmel_start.o
 .debug_macro   0x00017405       0xca atmel_start.o
 .debug_macro   0x000174cf       0x1c atmel_start.o
 .debug_macro   0x000174eb       0x16 atmel_start.o
 .debug_macro   0x00017501      0x12a atmel_start.o
 .debug_macro   0x0001762b       0x46 atmel_start.o
 .debug_macro   0x00017671      0x3ec Device_Startup/startup_samc21.o
 .debug_macro   0x00017a5d       0x7f Device_Startup/startup_samc21.o
 .debug_macro   0x00017adc      0x678 driver_init.o
 .debug_macro   0x00018154       0x28 driver_init.o
 .debug_macro   0x0001817c       0xc9 driver_init.o
 .debug_macro   0x00018245      0x673 examples/driver_examples.o
 .debug_macro   0x000188b8      0x571 hal/src/hal_atomic.o
 .debug_macro   0x00018e29      0x5a8 hal/src/hal_delay.o
 .debug_macro   0x000193d1      0x586 hal/src/hal_io.o
 .debug_macro   0x00019957      0x5d5 hal/src/hal_usart_async.o
 .debug_macro   0x00019f2c      0x57b hal/utils/src/utils_assert.o
 .debug_macro   0x0001a4a7       0x10 hal/utils/src/utils_assert.o
 .debug_macro   0x0001a4b7      0x580 hal/utils/src/utils_ringbuffer.o
 .debug_macro   0x0001aa37      0x5d1 hpl/core/hpl_core_m0plus_base.o
 .debug_macro   0x0001b008      0x600 hpl/core/hpl_init.o
 .debug_macro   0x0001b608       0x1c hpl/core/hpl_init.o
 .debug_macro   0x0001b624      0x75b hpl/core/hpl_init.o
 .debug_macro   0x0001bd7f      0x599 hpl/divas/hpl_divas.o
 .debug_macro   0x0001c318      0x58a hpl/gclk/hpl_gclk.o
 .debug_macro   0x0001c8a2      0x1f4 hpl/gclk/hpl_gclk.o
 .debug_macro   0x0001ca96      0x585 hpl/mclk/hpl_mclk.o
 .debug_macro   0x0001d01b      0x580 hpl/osc32kctrl/hpl_osc32kctrl.o
 .debug_macro   0x0001d59b       0xb8 hpl/osc32kctrl/hpl_osc32kctrl.o
 .debug_macro   0x0001d653      0x580 hpl/oscctrl/hpl_oscctrl.o
 .debug_macro   0x0001dbd3      0x130 hpl/oscctrl/hpl_oscctrl.o
 .debug_macro   0x0001dd03      0x7d4 hpl/sercom/hpl_sercom.o
 .debug_macro   0x0001e4d7       0x70 hpl/sercom/hpl_sercom.o
 .debug_macro   0x0001e547       0xba hpl/sercom/hpl_sercom.o
 .debug_macro   0x0001e601       0x10 hpl/sercom/hpl_sercom.o
 .debug_macro   0x0001e611       0x1c hpl/sercom/hpl_sercom.o
 .debug_macro   0x0001e62d       0x22 hpl/sercom/hpl_sercom.o
 .debug_macro   0x0001e64f       0x10 hpl/sercom/hpl_sercom.o
 .debug_macro   0x0001e65f      0x580 hpl/systick/hpl_systick.o
 .debug_macro   0x0001ebdf       0x10 hpl/systick/hpl_systick.o
 .debug_macro   0x0001ebef      0x751 main.o
 .debug_macro   0x0001f340      0x182 main.o
 .debug_macro   0x0001f4c2      0x15a main.o
 .debug_macro   0x0001f61c       0xa6 main.o
 .debug_macro   0x0001f6c2       0x10 main.o
 .debug_macro   0x0001f6d2       0x1f main.o
 .debug_macro   0x0001f6f1      0x46a main.o
 .debug_macro   0x0001fb5b       0xb5 main.o
 .debug_macro   0x0001fc10       0x8c main.o
 .debug_macro   0x0001fc9c       0x86 main.o
 .debug_macro   0x0001fd22       0x7e main.o
 .debug_macro   0x0001fda0       0x22 main.o
 .debug_macro   0x0001fdc2      0x75e rtos_start.o
 .debug_macro   0x00020520      0x18a thirdparty/RTOS/freertos/FreeRTOSV10.0.0/Source/list.o
 .debug_macro   0x000206aa      0x133 thirdparty/RTOS/freertos/FreeRTOSV10.0.0/Source/portable/GCC/ARM_CM0/port.o
 .debug_macro   0x000207dd      0x1ab thirdparty/RTOS/freertos/FreeRTOSV10.0.0/Source/portable/MemMang/heap_1.o
 .debug_macro   0x00020988      0x206 thirdparty/RTOS/freertos/FreeRTOSV10.0.0/Source/queue.o
 .debug_macro   0x00020b8e       0x16 thirdparty/RTOS/freertos/FreeRTOSV10.0.0/Source/queue.o
 .debug_macro   0x00020ba4      0x32c thirdparty/RTOS/freertos/FreeRTOSV10.0.0/Source/tasks.o
 .debug_macro   0x00020ed0       0x10 thirdparty/RTOS/freertos/FreeRTOSV10.0.0/Source/tasks.o
 .debug_macro   0x00020ee0       0x1c thirdparty/RTOS/freertos/FreeRTOSV10.0.0/Source/tasks.o
 .debug_macro   0x00020efc      0x1cd thirdparty/RTOS/freertos/FreeRTOSV10.0.0/Source/timers.o

.debug_line     0x00000000    0x14841
 .debug_line    0x00000000      0xc63 atmel_start.o
 .debug_line    0x00000c63      0x7fc Device_Startup/startup_samc21.o
 .debug_line    0x0000145f      0xcf4 driver_init.o
 .debug_line    0x00002153      0xca0 examples/driver_examples.o
 .debug_line    0x00002df3      0xb4e hal/src/hal_atomic.o
 .debug_line    0x00003941      0xb79 hal/src/hal_delay.o
 .debug_line    0x000044ba      0xb62 hal/src/hal_io.o
 .debug_line    0x0000501c      0xe3d hal/src/hal_usart_async.o
 .debug_line    0x00005e59      0xb18 hal/utils/src/utils_assert.o
 .debug_line    0x00006971      0xbb7 hal/utils/src/utils_ringbuffer.o
 .debug_line    0x00007528      0xcc3 hpl/core/hpl_core_m0plus_base.o
 .debug_line    0x000081eb      0xc05 hpl/core/hpl_init.o
 .debug_line    0x00008df0      0xc20 hpl/divas/hpl_divas.o
 .debug_line    0x00009a10      0xb6a hpl/gclk/hpl_gclk.o
 .debug_line    0x0000a57a      0xb40 hpl/mclk/hpl_mclk.o
 .debug_line    0x0000b0ba      0xb55 hpl/osc32kctrl/hpl_osc32kctrl.o
 .debug_line    0x0000bc0f      0xba7 hpl/oscctrl/hpl_oscctrl.o
 .debug_line    0x0000c7b6     0x2a89 hpl/sercom/hpl_sercom.o
 .debug_line    0x0000f23f      0xbac hpl/systick/hpl_systick.o
 .debug_line    0x0000fdeb      0xe66 main.o
 .debug_line    0x00010c51      0xe73 rtos_start.o
 .debug_line    0x00011ac4      0x49e thirdparty/RTOS/freertos/FreeRTOSV10.0.0/Source/list.o
 .debug_line    0x00011f62      0x48d thirdparty/RTOS/freertos/FreeRTOSV10.0.0/Source/portable/GCC/ARM_CM0/port.o
 .debug_line    0x000123ef      0x497 thirdparty/RTOS/freertos/FreeRTOSV10.0.0/Source/portable/MemMang/heap_1.o
 .debug_line    0x00012886      0xb15 thirdparty/RTOS/freertos/FreeRTOSV10.0.0/Source/queue.o
 .debug_line    0x0001339b      0xe3e thirdparty/RTOS/freertos/FreeRTOSV10.0.0/Source/tasks.o
 .debug_line    0x000141d9      0x668 thirdparty/RTOS/freertos/FreeRTOSV10.0.0/Source/timers.o

.debug_str      0x00000000    0xa6c46
 .debug_str     0x00000000    0x91aac atmel_start.o
                              0x92648 (size before relaxing)
 .debug_str     0x00091aac      0x3e3 Device_Startup/startup_samc21.o
                              0x8ce22 (size before relaxing)
 .debug_str     0x00091e8f     0x12f0 driver_init.o
                              0x939c3 (size before relaxing)
 .debug_str     0x0009317f      0x123 examples/driver_examples.o
                              0x92beb (size before relaxing)
 .debug_str     0x000932a2       0xb7 hal/src/hal_atomic.o
                              0x915b1 (size before relaxing)
 .debug_str     0x00093359       0x92 hal/src/hal_delay.o
                              0x9161b (size before relaxing)
 .debug_str     0x000933eb       0x32 hal/src/hal_io.o
                              0x9165e (size before relaxing)
 .debug_str     0x0009341d      0x626 hal/src/hal_usart_async.o
                              0x924c8 (size before relaxing)
 .debug_str     0x00093a43       0x2a hal/utils/src/utils_assert.o
                              0x915c1 (size before relaxing)
 .debug_str     0x00093a6d       0x24 hal/utils/src/utils_ringbuffer.o
                              0x91667 (size before relaxing)
 .debug_str     0x00093a91      0x363 hpl/core/hpl_core_m0plus_base.o
                              0x91ff5 (size before relaxing)
 .debug_str     0x00093df4     0x1a7f hpl/core/hpl_init.o
                              0x93e36 (size before relaxing)
 .debug_str     0x00095873      0x27b hpl/divas/hpl_divas.o
                              0x91832 (size before relaxing)
 .debug_str     0x00095aee      0x81b hpl/gclk/hpl_gclk.o
                              0x91ef6 (size before relaxing)
 .debug_str     0x00096309       0x47 hpl/mclk/hpl_mclk.o
                              0x91955 (size before relaxing)
 .debug_str     0x00096350      0x522 hpl/osc32kctrl/hpl_osc32kctrl.o
                              0x91ad1 (size before relaxing)
 .debug_str     0x00096872      0x8db hpl/oscctrl/hpl_oscctrl.o
                              0x91ef1 (size before relaxing)
 .debug_str     0x0009714d     0x47b9 hpl/sercom/hpl_sercom.o
                              0x97336 (size before relaxing)
 .debug_str     0x0009b906       0xcd hpl/systick/hpl_systick.o
                              0x91609 (size before relaxing)
 .debug_str     0x0009b9d3     0x460c main.o
                              0x96d9a (size before relaxing)
 .debug_str     0x0009ffdf      0x117 rtos_start.o
                              0x96ec9 (size before relaxing)
 .debug_str     0x000a00f6     0x2e64 thirdparty/RTOS/freertos/FreeRTOSV10.0.0/Source/list.o
                               0x9906 (size before relaxing)
 .debug_str     0x000a2f5a      0x414 thirdparty/RTOS/freertos/FreeRTOSV10.0.0/Source/portable/GCC/ARM_CM0/port.o
                               0x73ec (size before relaxing)
 .debug_str     0x000a336e      0x176 thirdparty/RTOS/freertos/FreeRTOSV10.0.0/Source/portable/MemMang/heap_1.o
                               0x9e85 (size before relaxing)
 .debug_str     0x000a34e4      0x944 thirdparty/RTOS/freertos/FreeRTOSV10.0.0/Source/queue.o
                               0xaf87 (size before relaxing)
 .debug_str     0x000a3e28     0x29b1 thirdparty/RTOS/freertos/FreeRTOSV10.0.0/Source/tasks.o
                               0xcc0e (size before relaxing)
 .debug_str     0x000a67d9      0x46d thirdparty/RTOS/freertos/FreeRTOSV10.0.0/Source/timers.o
                               0xb267 (size before relaxing)

.debug_frame    0x00000000     0x2354
 .debug_frame   0x00000000       0x28 atmel_start.o
 .debug_frame   0x00000028       0x38 Device_Startup/startup_samc21.o
 .debug_frame   0x00000060       0x88 driver_init.o
 .debug_frame   0x000000e8       0x54 examples/driver_examples.o
 .debug_frame   0x0000013c       0x40 hal/src/hal_atomic.o
 .debug_frame   0x0000017c       0x68 hal/src/hal_delay.o
 .debug_frame   0x000001e4       0x58 hal/src/hal_io.o
 .debug_frame   0x0000023c      0x2ac hal/src/hal_usart_async.o
 .debug_frame   0x000004e8       0x20 hal/utils/src/utils_assert.o
 .debug_frame   0x00000508       0x94 hal/utils/src/utils_ringbuffer.o
 .debug_frame   0x0000059c       0xd4 hpl/core/hpl_core_m0plus_base.o
 .debug_frame   0x00000670       0x28 hpl/core/hpl_init.o
 .debug_frame   0x00000698       0x90 hpl/divas/hpl_divas.o
 .debug_frame   0x00000728       0x30 hpl/gclk/hpl_gclk.o
 .debug_frame   0x00000758       0x20 hpl/mclk/hpl_mclk.o
 .debug_frame   0x00000778       0x20 hpl/osc32kctrl/hpl_osc32kctrl.o
 .debug_frame   0x00000798       0x30 hpl/oscctrl/hpl_oscctrl.o
 .debug_frame   0x000007c8      0xe48 hpl/sercom/hpl_sercom.o
 .debug_frame   0x00001610       0x7c hpl/systick/hpl_systick.o
 .debug_frame   0x0000168c       0x2c main.o
 .debug_frame   0x000016b8       0x4c rtos_start.o
 .debug_frame   0x00001704       0x6c thirdparty/RTOS/freertos/FreeRTOSV10.0.0/Source/list.o
 .debug_frame   0x00001770       0xfc thirdparty/RTOS/freertos/FreeRTOSV10.0.0/Source/portable/GCC/ARM_CM0/port.o
 .debug_frame   0x0000186c       0x5c thirdparty/RTOS/freertos/FreeRTOSV10.0.0/Source/portable/MemMang/heap_1.o
 .debug_frame   0x000018c8      0x398 thirdparty/RTOS/freertos/FreeRTOSV10.0.0/Source/queue.o
 .debug_frame   0x00001c60      0x4e4 thirdparty/RTOS/freertos/FreeRTOSV10.0.0/Source/tasks.o
 .debug_frame   0x00002144      0x19c thirdparty/RTOS/freertos/FreeRTOSV10.0.0/Source/timers.o
 .debug_frame   0x000022e0       0x2c c:/program files (x86)/atmel/studio/7.0/toolchain/arm/arm-gnu-toolchain/bin/../lib/gcc/arm-none-eabi/6.3.1/../../../../arm-none-eabi/lib/thumb/v6-m\libc_nano.a(lib_a-init.o)
 .debug_frame   0x0000230c       0x28 c:/program files (x86)/atmel/studio/7.0/toolchain/arm/arm-gnu-toolchain/bin/../lib/gcc/arm-none-eabi/6.3.1/../../../../arm-none-eabi/lib/thumb/v6-m\libc_nano.a(lib_a-memcpy-stub.o)
 .debug_frame   0x00002334       0x20 c:/program files (x86)/atmel/studio/7.0/toolchain/arm/arm-gnu-toolchain/bin/../lib/gcc/arm-none-eabi/6.3.1/../../../../arm-none-eabi/lib/thumb/v6-m\libc_nano.a(lib_a-memset.o)
