Archive member included to satisfy reference by file (symbol)

c:/program files (x86)/atmel/studio/7.0/toolchain/arm/arm-gnu-toolchain/bin/../lib/gcc/arm-none-eabi/6.3.1/thumb/v6-m\libgcc.a(_udivsi3.o)
                              main.o (__aeabi_uidivmod)
c:/program files (x86)/atmel/studio/7.0/toolchain/arm/arm-gnu-toolchain/bin/../lib/gcc/arm-none-eabi/6.3.1/thumb/v6-m\libgcc.a(_dvmd_tls.o)
                              c:/program files (x86)/atmel/studio/7.0/toolchain/arm/arm-gnu-toolchain/bin/../lib/gcc/arm-none-eabi/6.3.1/thumb/v6-m\libgcc.a(_udivsi3.o) (__aeabi_idiv0)
c:/program files (x86)/atmel/studio/7.0/toolchain/arm/arm-gnu-toolchain/bin/../lib/gcc/arm-none-eabi/6.3.1/../../../../arm-none-eabi/lib/thumb/v6-m\libc.a(lib_a-exit.o)
                              c:/program files (x86)/atmel/studio/7.0/toolchain/arm/arm-gnu-toolchain/bin/../lib/gcc/arm-none-eabi/6.3.1/../../../../arm-none-eabi/lib/thumb/v6-m/crt0.o (exit)
c:/program files (x86)/atmel/studio/7.0/toolchain/arm/arm-gnu-toolchain/bin/../lib/gcc/arm-none-eabi/6.3.1/../../../../arm-none-eabi/lib/thumb/v6-m\libc.a(lib_a-impure.o)
                              c:/program files (x86)/atmel/studio/7.0/toolchain/arm/arm-gnu-toolchain/bin/../lib/gcc/arm-none-eabi/6.3.1/../../../../arm-none-eabi/lib/thumb/v6-m\libc.a(lib_a-exit.o) (_global_impure_ptr)
c:/program files (x86)/atmel/studio/7.0/toolchain/arm/arm-gnu-toolchain/bin/../lib/gcc/arm-none-eabi/6.3.1/../../../../arm-none-eabi/lib/thumb/v6-m\libc.a(lib_a-init.o)
                              c:/program files (x86)/atmel/studio/7.0/toolchain/arm/arm-gnu-toolchain/bin/../lib/gcc/arm-none-eabi/6.3.1/../../../../arm-none-eabi/lib/thumb/v6-m/crt0.o (__libc_init_array)
c:/program files (x86)/atmel/studio/7.0/toolchain/arm/arm-gnu-toolchain/bin/../lib/gcc/arm-none-eabi/6.3.1/../../../../arm-none-eabi/lib/thumb/v6-m\libc.a(lib_a-memset.o)
                              c:/program files (x86)/atmel/studio/7.0/toolchain/arm/arm-gnu-toolchain/bin/../lib/gcc/arm-none-eabi/6.3.1/../../../../arm-none-eabi/lib/thumb/v6-m/crt0.o (memset)
c:/program files (x86)/atmel/studio/7.0/toolchain/arm/arm-gnu-toolchain/bin/../lib/gcc/arm-none-eabi/6.3.1/../../../../arm-none-eabi/lib/thumb/v6-m\libc.a(lib_a-__call_atexit.o)
                              c:/program files (x86)/atmel/studio/7.0/toolchain/arm/arm-gnu-toolchain/bin/../lib/gcc/arm-none-eabi/6.3.1/../../../../arm-none-eabi/lib/thumb/v6-m\libc.a(lib_a-exit.o) (__call_exitprocs)
c:/program files (x86)/atmel/studio/7.0/toolchain/arm/arm-gnu-toolchain/bin/../lib/gcc/arm-none-eabi/6.3.1/../../../../arm-none-eabi/lib/thumb/v6-m\libc.a(lib_a-atexit.o)
                              c:/program files (x86)/atmel/studio/7.0/toolchain/arm/arm-gnu-toolchain/bin/../lib/gcc/arm-none-eabi/6.3.1/../../../../arm-none-eabi/lib/thumb/v6-m\libc.a(lib_a-__call_atexit.o) (atexit)
c:/program files (x86)/atmel/studio/7.0/toolchain/arm/arm-gnu-toolchain/bin/../lib/gcc/arm-none-eabi/6.3.1/../../../../arm-none-eabi/lib/thumb/v6-m\libc.a(lib_a-fini.o)
                              c:/program files (x86)/atmel/studio/7.0/toolchain/arm/arm-gnu-toolchain/bin/../lib/gcc/arm-none-eabi/6.3.1/../../../../arm-none-eabi/lib/thumb/v6-m\libc.a(lib_a-__call_atexit.o) (__libc_fini_array)
c:/program files (x86)/atmel/studio/7.0/toolchain/arm/arm-gnu-toolchain/bin/../lib/gcc/arm-none-eabi/6.3.1/../../../../arm-none-eabi/lib/thumb/v6-m\libc.a(lib_a-lock.o)
                              c:/program files (x86)/atmel/studio/7.0/toolchain/arm/arm-gnu-toolchain/bin/../lib/gcc/arm-none-eabi/6.3.1/../../../../arm-none-eabi/lib/thumb/v6-m\libc.a(lib_a-__call_atexit.o) (__retarget_lock_acquire_recursive)
c:/program files (x86)/atmel/studio/7.0/toolchain/arm/arm-gnu-toolchain/bin/../lib/gcc/arm-none-eabi/6.3.1/../../../../arm-none-eabi/lib/thumb/v6-m\libc.a(lib_a-__atexit.o)
                              c:/program files (x86)/atmel/studio/7.0/toolchain/arm/arm-gnu-toolchain/bin/../lib/gcc/arm-none-eabi/6.3.1/../../../../arm-none-eabi/lib/thumb/v6-m\libc.a(lib_a-atexit.o) (__register_exitproc)

Allocating common symbols
Common symbol       size              file

__lock___atexit_recursive_mutex
                    0x1               c:/program files (x86)/atmel/studio/7.0/toolchain/arm/arm-gnu-toolchain/bin/../lib/gcc/arm-none-eabi/6.3.1/../../../../arm-none-eabi/lib/thumb/v6-m\libc.a(lib_a-lock.o)
__lock___arc4random_mutex
                    0x1               c:/program files (x86)/atmel/studio/7.0/toolchain/arm/arm-gnu-toolchain/bin/../lib/gcc/arm-none-eabi/6.3.1/../../../../arm-none-eabi/lib/thumb/v6-m\libc.a(lib_a-lock.o)
__lock___env_recursive_mutex
                    0x1               c:/program files (x86)/atmel/studio/7.0/toolchain/arm/arm-gnu-toolchain/bin/../lib/gcc/arm-none-eabi/6.3.1/../../../../arm-none-eabi/lib/thumb/v6-m\libc.a(lib_a-lock.o)
__lock___sinit_recursive_mutex
                    0x1               c:/program files (x86)/atmel/studio/7.0/toolchain/arm/arm-gnu-toolchain/bin/../lib/gcc/arm-none-eabi/6.3.1/../../../../arm-none-eabi/lib/thumb/v6-m\libc.a(lib_a-lock.o)
__lock___malloc_recursive_mutex
                    0x1               c:/program files (x86)/atmel/studio/7.0/toolchain/arm/arm-gnu-toolchain/bin/../lib/gcc/arm-none-eabi/6.3.1/../../../../arm-none-eabi/lib/thumb/v6-m\libc.a(lib_a-lock.o)
__lock___at_quick_exit_mutex
                    0x1               c:/program files (x86)/atmel/studio/7.0/toolchain/arm/arm-gnu-toolchain/bin/../lib/gcc/arm-none-eabi/6.3.1/../../../../arm-none-eabi/lib/thumb/v6-m\libc.a(lib_a-lock.o)
__lock___dd_hash_mutex
                    0x1               c:/program files (x86)/atmel/studio/7.0/toolchain/arm/arm-gnu-toolchain/bin/../lib/gcc/arm-none-eabi/6.3.1/../../../../arm-none-eabi/lib/thumb/v6-m\libc.a(lib_a-lock.o)
__lock___tz_mutex   0x1               c:/program files (x86)/atmel/studio/7.0/toolchain/arm/arm-gnu-toolchain/bin/../lib/gcc/arm-none-eabi/6.3.1/../../../../arm-none-eabi/lib/thumb/v6-m\libc.a(lib_a-lock.o)
__lock___sfp_recursive_mutex
                    0x1               c:/program files (x86)/atmel/studio/7.0/toolchain/arm/arm-gnu-toolchain/bin/../lib/gcc/arm-none-eabi/6.3.1/../../../../arm-none-eabi/lib/thumb/v6-m\libc.a(lib_a-lock.o)

Discarded input sections

 .text          0x00000000        0x0 c:/program files (x86)/atmel/studio/7.0/toolchain/arm/arm-gnu-toolchain/bin/../lib/gcc/arm-none-eabi/6.3.1/thumb/v6-m/crti.o
 .data          0x00000000        0x0 c:/program files (x86)/atmel/studio/7.0/toolchain/arm/arm-gnu-toolchain/bin/../lib/gcc/arm-none-eabi/6.3.1/thumb/v6-m/crti.o
 .bss           0x00000000        0x0 c:/program files (x86)/atmel/studio/7.0/toolchain/arm/arm-gnu-toolchain/bin/../lib/gcc/arm-none-eabi/6.3.1/thumb/v6-m/crti.o
 .data          0x00000000        0x4 c:/program files (x86)/atmel/studio/7.0/toolchain/arm/arm-gnu-toolchain/bin/../lib/gcc/arm-none-eabi/6.3.1/thumb/v6-m/crtbegin.o
 .text          0x00000000       0x78 c:/program files (x86)/atmel/studio/7.0/toolchain/arm/arm-gnu-toolchain/bin/../lib/gcc/arm-none-eabi/6.3.1/../../../../arm-none-eabi/lib/thumb/v6-m/crt0.o
 .data          0x00000000        0x0 c:/program files (x86)/atmel/studio/7.0/toolchain/arm/arm-gnu-toolchain/bin/../lib/gcc/arm-none-eabi/6.3.1/../../../../arm-none-eabi/lib/thumb/v6-m/crt0.o
 .bss           0x00000000        0x0 c:/program files (x86)/atmel/studio/7.0/toolchain/arm/arm-gnu-toolchain/bin/../lib/gcc/arm-none-eabi/6.3.1/../../../../arm-none-eabi/lib/thumb/v6-m/crt0.o
 .ARM.extab     0x00000000        0x0 c:/program files (x86)/atmel/studio/7.0/toolchain/arm/arm-gnu-toolchain/bin/../lib/gcc/arm-none-eabi/6.3.1/../../../../arm-none-eabi/lib/thumb/v6-m/crt0.o
 .ARM.exidx     0x00000000        0x8 c:/program files (x86)/atmel/studio/7.0/toolchain/arm/arm-gnu-toolchain/bin/../lib/gcc/arm-none-eabi/6.3.1/../../../../arm-none-eabi/lib/thumb/v6-m/crt0.o
 .ARM.attributes
                0x00000000       0x1b c:/program files (x86)/atmel/studio/7.0/toolchain/arm/arm-gnu-toolchain/bin/../lib/gcc/arm-none-eabi/6.3.1/../../../../arm-none-eabi/lib/thumb/v6-m/crt0.o
 .group         0x00000000        0x8 Device_Startup/startup_samc21.o
 .group         0x00000000        0x8 Device_Startup/startup_samc21.o
 .group         0x00000000        0x8 Device_Startup/startup_samc21.o
 .group         0x00000000        0x8 Device_Startup/startup_samc21.o
 .group         0x00000000        0x8 Device_Startup/startup_samc21.o
 .group         0x00000000        0x8 Device_Startup/startup_samc21.o
 .group         0x00000000        0x8 Device_Startup/startup_samc21.o
 .group         0x00000000        0x8 Device_Startup/startup_samc21.o
 .group         0x00000000        0x8 Device_Startup/startup_samc21.o
 .group         0x00000000        0x8 Device_Startup/startup_samc21.o
 .group         0x00000000        0x8 Device_Startup/startup_samc21.o
 .group         0x00000000        0x8 Device_Startup/startup_samc21.o
 .group         0x00000000        0x8 Device_Startup/startup_samc21.o
 .group         0x00000000        0x8 Device_Startup/startup_samc21.o
 .group         0x00000000        0x8 Device_Startup/startup_samc21.o
 .group         0x00000000        0x8 Device_Startup/startup_samc21.o
 .group         0x00000000        0x8 Device_Startup/startup_samc21.o
 .group         0x00000000        0x8 Device_Startup/startup_samc21.o
 .group         0x00000000        0x8 Device_Startup/startup_samc21.o
 .group         0x00000000        0x8 Device_Startup/startup_samc21.o
 .group         0x00000000        0x8 Device_Startup/startup_samc21.o
 .group         0x00000000        0x8 Device_Startup/startup_samc21.o
 .group         0x00000000        0x8 Device_Startup/startup_samc21.o
 .group         0x00000000        0x8 Device_Startup/startup_samc21.o
 .group         0x00000000        0x8 Device_Startup/startup_samc21.o
 .group         0x00000000        0x8 Device_Startup/startup_samc21.o
 .group         0x00000000        0x8 Device_Startup/startup_samc21.o
 .group         0x00000000        0x8 Device_Startup/startup_samc21.o
 .group         0x00000000        0x8 Device_Startup/startup_samc21.o
 .group         0x00000000        0x8 Device_Startup/startup_samc21.o
 .group         0x00000000        0x8 Device_Startup/startup_samc21.o
 .group         0x00000000        0x8 Device_Startup/startup_samc21.o
 .group         0x00000000        0x8 Device_Startup/startup_samc21.o
 .group         0x00000000        0x8 Device_Startup/startup_samc21.o
 .group         0x00000000        0x8 Device_Startup/startup_samc21.o
 .group         0x00000000        0x8 Device_Startup/startup_samc21.o
 .group         0x00000000        0x8 Device_Startup/startup_samc21.o
 .group         0x00000000        0x8 Device_Startup/startup_samc21.o
 .group         0x00000000        0x8 Device_Startup/startup_samc21.o
 .group         0x00000000        0x8 Device_Startup/startup_samc21.o
 .group         0x00000000        0x8 Device_Startup/startup_samc21.o
 .group         0x00000000        0x8 Device_Startup/startup_samc21.o
 .group         0x00000000        0x8 Device_Startup/startup_samc21.o
 .group         0x00000000        0x8 Device_Startup/startup_samc21.o
 .group         0x00000000        0x8 Device_Startup/startup_samc21.o
 .group         0x00000000        0x8 Device_Startup/startup_samc21.o
 .group         0x00000000        0x8 Device_Startup/startup_samc21.o
 .group         0x00000000        0x8 Device_Startup/startup_samc21.o
 .group         0x00000000        0x8 Device_Startup/startup_samc21.o
 .group         0x00000000        0x8 Device_Startup/startup_samc21.o
 .group         0x00000000        0x8 Device_Startup/startup_samc21.o
 .group         0x00000000        0x8 Device_Startup/startup_samc21.o
 .group         0x00000000        0x8 Device_Startup/startup_samc21.o
 .group         0x00000000        0x8 Device_Startup/startup_samc21.o
 .group         0x00000000        0x8 Device_Startup/startup_samc21.o
 .group         0x00000000        0x8 Device_Startup/startup_samc21.o
 .group         0x00000000        0x8 Device_Startup/startup_samc21.o
 .group         0x00000000        0x8 Device_Startup/startup_samc21.o
 .group         0x00000000        0x8 Device_Startup/startup_samc21.o
 .group         0x00000000        0x8 Device_Startup/startup_samc21.o
 .group         0x00000000        0x8 Device_Startup/startup_samc21.o
 .group         0x00000000        0x8 Device_Startup/startup_samc21.o
 .group         0x00000000        0x8 Device_Startup/startup_samc21.o
 .group         0x00000000        0x8 Device_Startup/startup_samc21.o
 .group         0x00000000        0x8 Device_Startup/startup_samc21.o
 .group         0x00000000        0x8 Device_Startup/startup_samc21.o
 .group         0x00000000        0x8 Device_Startup/startup_samc21.o
 .group         0x00000000        0x8 Device_Startup/startup_samc21.o
 .group         0x00000000        0x8 Device_Startup/startup_samc21.o
 .group         0x00000000        0x8 Device_Startup/startup_samc21.o
 .group         0x00000000        0x8 Device_Startup/startup_samc21.o
 .group         0x00000000        0x8 Device_Startup/startup_samc21.o
 .group         0x00000000        0x8 Device_Startup/startup_samc21.o
 .group         0x00000000        0x8 Device_Startup/startup_samc21.o
 .group         0x00000000        0x8 Device_Startup/startup_samc21.o
 .group         0x00000000        0x8 Device_Startup/startup_samc21.o
 .group         0x00000000        0x8 Device_Startup/startup_samc21.o
 .group         0x00000000        0x8 Device_Startup/startup_samc21.o
 .group         0x00000000        0x8 Device_Startup/startup_samc21.o
 .group         0x00000000        0x8 Device_Startup/startup_samc21.o
 .group         0x00000000        0x8 Device_Startup/startup_samc21.o
 .group         0x00000000        0x8 Device_Startup/startup_samc21.o
 .group         0x00000000        0x8 Device_Startup/startup_samc21.o
 .group         0x00000000        0x8 Device_Startup/startup_samc21.o
 .group         0x00000000        0x8 Device_Startup/startup_samc21.o
 .group         0x00000000        0x8 Device_Startup/startup_samc21.o
 .group         0x00000000        0x8 Device_Startup/startup_samc21.o
 .group         0x00000000        0x8 Device_Startup/startup_samc21.o
 .group         0x00000000        0x8 Device_Startup/startup_samc21.o
 .text          0x00000000        0x0 Device_Startup/startup_samc21.o
 .data          0x00000000        0x0 Device_Startup/startup_samc21.o
 .bss           0x00000000        0x0 Device_Startup/startup_samc21.o
 .group         0x00000000        0x8 Device_Startup/system_samc21.o
 .group         0x00000000        0x8 Device_Startup/system_samc21.o
 .group         0x00000000        0x8 Device_Startup/system_samc21.o
 .group         0x00000000        0x8 Device_Startup/system_samc21.o
 .group         0x00000000        0x8 Device_Startup/system_samc21.o
 .group         0x00000000        0x8 Device_Startup/system_samc21.o
 .group         0x00000000        0x8 Device_Startup/system_samc21.o
 .group         0x00000000        0x8 Device_Startup/system_samc21.o
 .group         0x00000000        0x8 Device_Startup/system_samc21.o
 .group         0x00000000        0x8 Device_Startup/system_samc21.o
 .group         0x00000000        0x8 Device_Startup/system_samc21.o
 .group         0x00000000        0x8 Device_Startup/system_samc21.o
 .group         0x00000000        0x8 Device_Startup/system_samc21.o
 .group         0x00000000        0x8 Device_Startup/system_samc21.o
 .group         0x00000000        0x8 Device_Startup/system_samc21.o
 .group         0x00000000        0x8 Device_Startup/system_samc21.o
 .group         0x00000000        0x8 Device_Startup/system_samc21.o
 .group         0x00000000        0x8 Device_Startup/system_samc21.o
 .group         0x00000000        0x8 Device_Startup/system_samc21.o
 .group         0x00000000        0x8 Device_Startup/system_samc21.o
 .group         0x00000000        0x8 Device_Startup/system_samc21.o
 .group         0x00000000        0x8 Device_Startup/system_samc21.o
 .group         0x00000000        0x8 Device_Startup/system_samc21.o
 .group         0x00000000        0x8 Device_Startup/system_samc21.o
 .group         0x00000000        0x8 Device_Startup/system_samc21.o
 .group         0x00000000        0x8 Device_Startup/system_samc21.o
 .group         0x00000000        0x8 Device_Startup/system_samc21.o
 .group         0x00000000        0x8 Device_Startup/system_samc21.o
 .group         0x00000000        0x8 Device_Startup/system_samc21.o
 .group         0x00000000        0x8 Device_Startup/system_samc21.o
 .group         0x00000000        0x8 Device_Startup/system_samc21.o
 .group         0x00000000        0x8 Device_Startup/system_samc21.o
 .group         0x00000000        0x8 Device_Startup/system_samc21.o
 .group         0x00000000        0x8 Device_Startup/system_samc21.o
 .group         0x00000000        0x8 Device_Startup/system_samc21.o
 .group         0x00000000        0x8 Device_Startup/system_samc21.o
 .group         0x00000000        0x8 Device_Startup/system_samc21.o
 .group         0x00000000        0x8 Device_Startup/system_samc21.o
 .group         0x00000000        0x8 Device_Startup/system_samc21.o
 .group         0x00000000        0x8 Device_Startup/system_samc21.o
 .group         0x00000000        0x8 Device_Startup/system_samc21.o
 .group         0x00000000        0x8 Device_Startup/system_samc21.o
 .group         0x00000000        0x8 Device_Startup/system_samc21.o
 .group         0x00000000        0x8 Device_Startup/system_samc21.o
 .group         0x00000000        0x8 Device_Startup/system_samc21.o
 .group         0x00000000        0x8 Device_Startup/system_samc21.o
 .group         0x00000000        0x8 Device_Startup/system_samc21.o
 .group         0x00000000        0x8 Device_Startup/system_samc21.o
 .group         0x00000000        0x8 Device_Startup/system_samc21.o
 .group         0x00000000        0x8 Device_Startup/system_samc21.o
 .group         0x00000000        0x8 Device_Startup/system_samc21.o
 .group         0x00000000        0x8 Device_Startup/system_samc21.o
 .group         0x00000000        0x8 Device_Startup/system_samc21.o
 .group         0x00000000        0x8 Device_Startup/system_samc21.o
 .group         0x00000000        0x8 Device_Startup/system_samc21.o
 .group         0x00000000        0x8 Device_Startup/system_samc21.o
 .group         0x00000000        0x8 Device_Startup/system_samc21.o
 .group         0x00000000        0x8 Device_Startup/system_samc21.o
 .group         0x00000000        0x8 Device_Startup/system_samc21.o
 .group         0x00000000        0x8 Device_Startup/system_samc21.o
 .group         0x00000000        0x8 Device_Startup/system_samc21.o
 .group         0x00000000        0x8 Device_Startup/system_samc21.o
 .group         0x00000000        0x8 Device_Startup/system_samc21.o
 .group         0x00000000        0x8 Device_Startup/system_samc21.o
 .group         0x00000000        0x8 Device_Startup/system_samc21.o
 .group         0x00000000        0x8 Device_Startup/system_samc21.o
 .group         0x00000000        0x8 Device_Startup/system_samc21.o
 .group         0x00000000        0x8 Device_Startup/system_samc21.o
 .group         0x00000000        0x8 Device_Startup/system_samc21.o
 .group         0x00000000        0x8 Device_Startup/system_samc21.o
 .group         0x00000000        0x8 Device_Startup/system_samc21.o
 .group         0x00000000        0x8 Device_Startup/system_samc21.o
 .group         0x00000000        0x8 Device_Startup/system_samc21.o
 .group         0x00000000        0x8 Device_Startup/system_samc21.o
 .group         0x00000000        0x8 Device_Startup/system_samc21.o
 .group         0x00000000        0x8 Device_Startup/system_samc21.o
 .group         0x00000000        0x8 Device_Startup/system_samc21.o
 .group         0x00000000        0x8 Device_Startup/system_samc21.o
 .group         0x00000000        0x8 Device_Startup/system_samc21.o
 .group         0x00000000        0x8 Device_Startup/system_samc21.o
 .group         0x00000000        0x8 Device_Startup/system_samc21.o
 .group         0x00000000        0x8 Device_Startup/system_samc21.o
 .group         0x00000000        0x8 Device_Startup/system_samc21.o
 .group         0x00000000        0x8 Device_Startup/system_samc21.o
 .group         0x00000000        0x8 Device_Startup/system_samc21.o
 .group         0x00000000        0x8 Device_Startup/system_samc21.o
 .group         0x00000000        0x8 Device_Startup/system_samc21.o
 .group         0x00000000        0x8 Device_Startup/system_samc21.o
 .group         0x00000000        0x8 Device_Startup/system_samc21.o
 .text          0x00000000        0x0 Device_Startup/system_samc21.o
 .bss           0x00000000        0x0 Device_Startup/system_samc21.o
 .text.SystemCoreClockUpdate
                0x00000000       0x10 Device_Startup/system_samc21.o
 .debug_macro   0x00000000      0x89e Device_Startup/system_samc21.o
 .debug_macro   0x00000000       0x22 Device_Startup/system_samc21.o
 .debug_macro   0x00000000       0x87 Device_Startup/system_samc21.o
 .debug_macro   0x00000000       0x51 Device_Startup/system_samc21.o
 .debug_macro   0x00000000       0xef Device_Startup/system_samc21.o
 .debug_macro   0x00000000       0x6a Device_Startup/system_samc21.o
 .debug_macro   0x00000000      0x1df Device_Startup/system_samc21.o
 .debug_macro   0x00000000       0x40 Device_Startup/system_samc21.o
 .debug_macro   0x00000000       0x28 Device_Startup/system_samc21.o
 .debug_macro   0x00000000       0x85 Device_Startup/system_samc21.o
 .debug_macro   0x00000000      0x49b Device_Startup/system_samc21.o
 .debug_macro   0x00000000      0x896 Device_Startup/system_samc21.o
 .debug_macro   0x00000000      0x8bf Device_Startup/system_samc21.o
 .debug_macro   0x00000000     0x2d61 Device_Startup/system_samc21.o
 .debug_macro   0x00000000      0x21d Device_Startup/system_samc21.o
 .debug_macro   0x00000000      0x281 Device_Startup/system_samc21.o
 .debug_macro   0x00000000      0x130 Device_Startup/system_samc21.o
 .debug_macro   0x00000000      0xd32 Device_Startup/system_samc21.o
 .debug_macro   0x00000000      0x61f Device_Startup/system_samc21.o
 .debug_macro   0x00000000      0x5be Device_Startup/system_samc21.o
 .debug_macro   0x00000000      0x823 Device_Startup/system_samc21.o
 .debug_macro   0x00000000      0x172 Device_Startup/system_samc21.o
 .debug_macro   0x00000000      0x2f7 Device_Startup/system_samc21.o
 .debug_macro   0x00000000      0x55f Device_Startup/system_samc21.o
 .debug_macro   0x00000000      0x42e Device_Startup/system_samc21.o
 .debug_macro   0x00000000      0x21c Device_Startup/system_samc21.o
 .debug_macro   0x00000000      0x72d Device_Startup/system_samc21.o
 .debug_macro   0x00000000      0x5ab Device_Startup/system_samc21.o
 .debug_macro   0x00000000      0x334 Device_Startup/system_samc21.o
 .debug_macro   0x00000000      0x6a9 Device_Startup/system_samc21.o
 .debug_macro   0x00000000       0xc4 Device_Startup/system_samc21.o
 .debug_macro   0x00000000      0x33f Device_Startup/system_samc21.o
 .debug_macro   0x00000000       0x6a Device_Startup/system_samc21.o
 .debug_macro   0x00000000     0x124a Device_Startup/system_samc21.o
 .debug_macro   0x00000000      0x5a4 Device_Startup/system_samc21.o
 .debug_macro   0x00000000      0xfc3 Device_Startup/system_samc21.o
 .debug_macro   0x00000000      0x59d Device_Startup/system_samc21.o
 .debug_macro   0x00000000      0x3c2 Device_Startup/system_samc21.o
 .debug_macro   0x00000000      0x8ad Device_Startup/system_samc21.o
 .debug_macro   0x00000000     0x19bd Device_Startup/system_samc21.o
 .debug_macro   0x00000000      0x39c Device_Startup/system_samc21.o
 .debug_macro   0x00000000      0x369 Device_Startup/system_samc21.o
 .debug_macro   0x00000000       0x94 Device_Startup/system_samc21.o
 .debug_macro   0x00000000       0xac Device_Startup/system_samc21.o
 .debug_macro   0x00000000       0xac Device_Startup/system_samc21.o
 .debug_macro   0x00000000      0x148 Device_Startup/system_samc21.o
 .debug_macro   0x00000000      0x148 Device_Startup/system_samc21.o
 .debug_macro   0x00000000       0x4c Device_Startup/system_samc21.o
 .debug_macro   0x00000000       0x58 Device_Startup/system_samc21.o
 .debug_macro   0x00000000       0x3a Device_Startup/system_samc21.o
 .debug_macro   0x00000000       0xd6 Device_Startup/system_samc21.o
 .debug_macro   0x00000000       0xb8 Device_Startup/system_samc21.o
 .debug_macro   0x00000000       0x64 Device_Startup/system_samc21.o
 .debug_macro   0x00000000      0x5e4 Device_Startup/system_samc21.o
 .debug_macro   0x00000000       0x4c Device_Startup/system_samc21.o
 .debug_macro   0x00000000      0x1bd Device_Startup/system_samc21.o
 .debug_macro   0x00000000      0x183 Device_Startup/system_samc21.o
 .debug_macro   0x00000000       0x52 Device_Startup/system_samc21.o
 .debug_macro   0x00000000       0xa0 Device_Startup/system_samc21.o
 .debug_macro   0x00000000       0xd6 Device_Startup/system_samc21.o
 .debug_macro   0x00000000       0x94 Device_Startup/system_samc21.o
 .debug_macro   0x00000000       0x4c Device_Startup/system_samc21.o
 .debug_macro   0x00000000       0x64 Device_Startup/system_samc21.o
 .debug_macro   0x00000000       0x22 Device_Startup/system_samc21.o
 .debug_macro   0x00000000      0x16c Device_Startup/system_samc21.o
 .debug_macro   0x00000000       0x16 Device_Startup/system_samc21.o
 .debug_macro   0x00000000       0xd6 Device_Startup/system_samc21.o
 .debug_macro   0x00000000       0xa0 Device_Startup/system_samc21.o
 .debug_macro   0x00000000      0x132 Device_Startup/system_samc21.o
 .debug_macro   0x00000000      0x132 Device_Startup/system_samc21.o
 .debug_macro   0x00000000      0x132 Device_Startup/system_samc21.o
 .debug_macro   0x00000000      0x132 Device_Startup/system_samc21.o
 .debug_macro   0x00000000      0x132 Device_Startup/system_samc21.o
 .debug_macro   0x00000000      0x132 Device_Startup/system_samc21.o
 .debug_macro   0x00000000       0x4c Device_Startup/system_samc21.o
 .debug_macro   0x00000000      0x167 Device_Startup/system_samc21.o
 .debug_macro   0x00000000       0xfa Device_Startup/system_samc21.o
 .debug_macro   0x00000000       0xfa Device_Startup/system_samc21.o
 .debug_macro   0x00000000       0xfa Device_Startup/system_samc21.o
 .debug_macro   0x00000000       0xfa Device_Startup/system_samc21.o
 .debug_macro   0x00000000       0xfa Device_Startup/system_samc21.o
 .debug_macro   0x00000000      0x124 Device_Startup/system_samc21.o
 .debug_macro   0x00000000       0xfa Device_Startup/system_samc21.o
 .debug_macro   0x00000000       0xee Device_Startup/system_samc21.o
 .debug_macro   0x00000000       0x76 Device_Startup/system_samc21.o
 .debug_macro   0x00000000       0x3a Device_Startup/system_samc21.o
 .debug_macro   0x00000000      0x4b1 Device_Startup/system_samc21.o
 .debug_macro   0x00000000     0x27e3 Device_Startup/system_samc21.o
 .debug_macro   0x00000000       0x82 Device_Startup/system_samc21.o
 .group         0x00000000        0x8 main.o
 .group         0x00000000        0x8 main.o
 .group         0x00000000        0x8 main.o
 .group         0x00000000        0x8 main.o
 .group         0x00000000        0x8 main.o
 .group         0x00000000        0x8 main.o
 .group         0x00000000        0x8 main.o
 .group         0x00000000        0x8 main.o
 .group         0x00000000        0x8 main.o
 .group         0x00000000        0x8 main.o
 .group         0x00000000        0x8 main.o
 .group         0x00000000        0x8 main.o
 .group         0x00000000        0x8 main.o
 .group         0x00000000        0x8 main.o
 .group         0x00000000        0x8 main.o
 .group         0x00000000        0x8 main.o
 .group         0x00000000        0x8 main.o
 .group         0x00000000        0x8 main.o
 .group         0x00000000        0x8 main.o
 .group         0x00000000        0x8 main.o
 .group         0x00000000        0x8 main.o
 .group         0x00000000        0x8 main.o
 .group         0x00000000        0x8 main.o
 .group         0x00000000        0x8 main.o
 .group         0x00000000        0x8 main.o
 .group         0x00000000        0x8 main.o
 .group         0x00000000        0x8 main.o
 .group         0x00000000        0x8 main.o
 .group         0x00000000        0x8 main.o
 .group         0x00000000        0x8 main.o
 .group         0x00000000        0x8 main.o
 .group         0x00000000        0x8 main.o
 .group         0x00000000        0x8 main.o
 .group         0x00000000        0x8 main.o
 .group         0x00000000        0x8 main.o
 .group         0x00000000        0x8 main.o
 .group         0x00000000        0x8 main.o
 .group         0x00000000        0x8 main.o
 .group         0x00000000        0x8 main.o
 .group         0x00000000        0x8 main.o
 .group         0x00000000        0x8 main.o
 .group         0x00000000        0x8 main.o
 .group         0x00000000        0x8 main.o
 .group         0x00000000        0x8 main.o
 .group         0x00000000        0x8 main.o
 .group         0x00000000        0x8 main.o
 .group         0x00000000        0x8 main.o
 .group         0x00000000        0x8 main.o
 .group         0x00000000        0x8 main.o
 .group         0x00000000        0x8 main.o
 .group         0x00000000        0x8 main.o
 .group         0x00000000        0x8 main.o
 .group         0x00000000        0x8 main.o
 .group         0x00000000        0x8 main.o
 .group         0x00000000        0x8 main.o
 .group         0x00000000        0x8 main.o
 .group         0x00000000        0x8 main.o
 .group         0x00000000        0x8 main.o
 .group         0x00000000        0x8 main.o
 .group         0x00000000        0x8 main.o
 .group         0x00000000        0x8 main.o
 .group         0x00000000        0x8 main.o
 .group         0x00000000        0x8 main.o
 .group         0x00000000        0x8 main.o
 .group         0x00000000        0x8 main.o
 .group         0x00000000        0x8 main.o
 .group         0x00000000        0x8 main.o
 .group         0x00000000        0x8 main.o
 .group         0x00000000        0x8 main.o
 .group         0x00000000        0x8 main.o
 .group         0x00000000        0x8 main.o
 .group         0x00000000        0x8 main.o
 .group         0x00000000        0x8 main.o
 .group         0x00000000        0x8 main.o
 .group         0x00000000        0x8 main.o
 .group         0x00000000        0x8 main.o
 .group         0x00000000        0x8 main.o
 .group         0x00000000        0x8 main.o
 .group         0x00000000        0x8 main.o
 .group         0x00000000        0x8 main.o
 .group         0x00000000        0x8 main.o
 .group         0x00000000        0x8 main.o
 .group         0x00000000        0x8 main.o
 .group         0x00000000        0x8 main.o
 .group         0x00000000        0x8 main.o
 .group         0x00000000        0x8 main.o
 .group         0x00000000        0x8 main.o
 .group         0x00000000        0x8 main.o
 .group         0x00000000        0x8 main.o
 .group         0x00000000        0x8 main.o
 .text          0x00000000        0x0 main.o
 .data          0x00000000        0x0 main.o
 .debug_macro   0x00000000      0x89e main.o
 .debug_macro   0x00000000       0x22 main.o
 .debug_macro   0x00000000       0x87 main.o
 .debug_macro   0x00000000       0x51 main.o
 .debug_macro   0x00000000       0xef main.o
 .debug_macro   0x00000000       0x6a main.o
 .debug_macro   0x00000000      0x1df main.o
 .debug_macro   0x00000000       0x40 main.o
 .debug_macro   0x00000000       0x28 main.o
 .debug_macro   0x00000000       0x85 main.o
 .debug_macro   0x00000000      0x49b main.o
 .debug_macro   0x00000000      0x896 main.o
 .debug_macro   0x00000000      0x8bf main.o
 .debug_macro   0x00000000     0x2d61 main.o
 .debug_macro   0x00000000      0x21d main.o
 .debug_macro   0x00000000      0x281 main.o
 .debug_macro   0x00000000      0x130 main.o
 .debug_macro   0x00000000      0xd32 main.o
 .debug_macro   0x00000000      0x61f main.o
 .debug_macro   0x00000000      0x5be main.o
 .debug_macro   0x00000000      0x823 main.o
 .debug_macro   0x00000000      0x172 main.o
 .debug_macro   0x00000000      0x2f7 main.o
 .debug_macro   0x00000000      0x55f main.o
 .debug_macro   0x00000000      0x42e main.o
 .debug_macro   0x00000000      0x21c main.o
 .debug_macro   0x00000000      0x72d main.o
 .debug_macro   0x00000000      0x5ab main.o
 .debug_macro   0x00000000      0x334 main.o
 .debug_macro   0x00000000      0x6a9 main.o
 .debug_macro   0x00000000       0xc4 main.o
 .debug_macro   0x00000000      0x33f main.o
 .debug_macro   0x00000000       0x6a main.o
 .debug_macro   0x00000000     0x124a main.o
 .debug_macro   0x00000000      0x5a4 main.o
 .debug_macro   0x00000000      0xfc3 main.o
 .debug_macro   0x00000000      0x59d main.o
 .debug_macro   0x00000000      0x3c2 main.o
 .debug_macro   0x00000000      0x8ad main.o
 .debug_macro   0x00000000     0x19bd main.o
 .debug_macro   0x00000000      0x39c main.o
 .debug_macro   0x00000000      0x369 main.o
 .debug_macro   0x00000000       0x94 main.o
 .debug_macro   0x00000000       0xac main.o
 .debug_macro   0x00000000       0xac main.o
 .debug_macro   0x00000000      0x148 main.o
 .debug_macro   0x00000000      0x148 main.o
 .debug_macro   0x00000000       0x4c main.o
 .debug_macro   0x00000000       0x58 main.o
 .debug_macro   0x00000000       0x3a main.o
 .debug_macro   0x00000000       0xd6 main.o
 .debug_macro   0x00000000       0xb8 main.o
 .debug_macro   0x00000000       0x64 main.o
 .debug_macro   0x00000000      0x5e4 main.o
 .debug_macro   0x00000000       0x4c main.o
 .debug_macro   0x00000000      0x1bd main.o
 .debug_macro   0x00000000      0x183 main.o
 .debug_macro   0x00000000       0x52 main.o
 .debug_macro   0x00000000       0xa0 main.o
 .debug_macro   0x00000000       0xd6 main.o
 .debug_macro   0x00000000       0x94 main.o
 .debug_macro   0x00000000       0x4c main.o
 .debug_macro   0x00000000       0x64 main.o
 .debug_macro   0x00000000       0x22 main.o
 .debug_macro   0x00000000      0x16c main.o
 .debug_macro   0x00000000       0x16 main.o
 .debug_macro   0x00000000       0xd6 main.o
 .debug_macro   0x00000000       0xa0 main.o
 .debug_macro   0x00000000      0x132 main.o
 .debug_macro   0x00000000      0x132 main.o
 .debug_macro   0x00000000      0x132 main.o
 .debug_macro   0x00000000      0x132 main.o
 .debug_macro   0x00000000      0x132 main.o
 .debug_macro   0x00000000      0x132 main.o
 .debug_macro   0x00000000       0x4c main.o
 .debug_macro   0x00000000      0x167 main.o
 .debug_macro   0x00000000       0xfa main.o
 .debug_macro   0x00000000       0xfa main.o
 .debug_macro   0x00000000       0xfa main.o
 .debug_macro   0x00000000       0xfa main.o
 .debug_macro   0x00000000       0xfa main.o
 .debug_macro   0x00000000      0x124 main.o
 .debug_macro   0x00000000       0xfa main.o
 .debug_macro   0x00000000       0xee main.o
 .debug_macro   0x00000000       0x76 main.o
 .debug_macro   0x00000000       0x3a main.o
 .debug_macro   0x00000000      0x4b1 main.o
 .debug_macro   0x00000000     0x27e3 main.o
 .debug_macro   0x00000000       0x82 main.o
 .data          0x00000000        0x0 c:/program files (x86)/atmel/studio/7.0/toolchain/arm/arm-gnu-toolchain/bin/../lib/gcc/arm-none-eabi/6.3.1/thumb/v6-m\libgcc.a(_udivsi3.o)
 .bss           0x00000000        0x0 c:/program files (x86)/atmel/studio/7.0/toolchain/arm/arm-gnu-toolchain/bin/../lib/gcc/arm-none-eabi/6.3.1/thumb/v6-m\libgcc.a(_udivsi3.o)
 .data          0x00000000        0x0 c:/program files (x86)/atmel/studio/7.0/toolchain/arm/arm-gnu-toolchain/bin/../lib/gcc/arm-none-eabi/6.3.1/thumb/v6-m\libgcc.a(_dvmd_tls.o)
 .bss           0x00000000        0x0 c:/program files (x86)/atmel/studio/7.0/toolchain/arm/arm-gnu-toolchain/bin/../lib/gcc/arm-none-eabi/6.3.1/thumb/v6-m\libgcc.a(_dvmd_tls.o)
 .text          0x00000000        0x0 c:/program files (x86)/atmel/studio/7.0/toolchain/arm/arm-gnu-toolchain/bin/../lib/gcc/arm-none-eabi/6.3.1/../../../../arm-none-eabi/lib/thumb/v6-m\libc.a(lib_a-exit.o)
 .data          0x00000000        0x0 c:/program files (x86)/atmel/studio/7.0/toolchain/arm/arm-gnu-toolchain/bin/../lib/gcc/arm-none-eabi/6.3.1/../../../../arm-none-eabi/lib/thumb/v6-m\libc.a(lib_a-exit.o)
 .bss           0x00000000        0x0 c:/program files (x86)/atmel/studio/7.0/toolchain/arm/arm-gnu-toolchain/bin/../lib/gcc/arm-none-eabi/6.3.1/../../../../arm-none-eabi/lib/thumb/v6-m\libc.a(lib_a-exit.o)
 .text.exit     0x00000000       0x20 c:/program files (x86)/atmel/studio/7.0/toolchain/arm/arm-gnu-toolchain/bin/../lib/gcc/arm-none-eabi/6.3.1/../../../../arm-none-eabi/lib/thumb/v6-m\libc.a(lib_a-exit.o)
 .debug_frame   0x00000000       0x28 c:/program files (x86)/atmel/studio/7.0/toolchain/arm/arm-gnu-toolchain/bin/../lib/gcc/arm-none-eabi/6.3.1/../../../../arm-none-eabi/lib/thumb/v6-m\libc.a(lib_a-exit.o)
 .ARM.attributes
                0x00000000       0x2c c:/program files (x86)/atmel/studio/7.0/toolchain/arm/arm-gnu-toolchain/bin/../lib/gcc/arm-none-eabi/6.3.1/../../../../arm-none-eabi/lib/thumb/v6-m\libc.a(lib_a-exit.o)
 .text          0x00000000        0x0 c:/program files (x86)/atmel/studio/7.0/toolchain/arm/arm-gnu-toolchain/bin/../lib/gcc/arm-none-eabi/6.3.1/../../../../arm-none-eabi/lib/thumb/v6-m\libc.a(lib_a-impure.o)
 .data          0x00000000        0x0 c:/program files (x86)/atmel/studio/7.0/toolchain/arm/arm-gnu-toolchain/bin/../lib/gcc/arm-none-eabi/6.3.1/../../../../arm-none-eabi/lib/thumb/v6-m\libc.a(lib_a-impure.o)
 .bss           0x00000000        0x0 c:/program files (x86)/atmel/studio/7.0/toolchain/arm/arm-gnu-toolchain/bin/../lib/gcc/arm-none-eabi/6.3.1/../../../../arm-none-eabi/lib/thumb/v6-m\libc.a(lib_a-impure.o)
 .data._impure_ptr
                0x00000000        0x4 c:/program files (x86)/atmel/studio/7.0/toolchain/arm/arm-gnu-toolchain/bin/../lib/gcc/arm-none-eabi/6.3.1/../../../../arm-none-eabi/lib/thumb/v6-m\libc.a(lib_a-impure.o)
 .text          0x00000000        0x0 c:/program files (x86)/atmel/studio/7.0/toolchain/arm/arm-gnu-toolchain/bin/../lib/gcc/arm-none-eabi/6.3.1/../../../../arm-none-eabi/lib/thumb/v6-m\libc.a(lib_a-init.o)
 .data          0x00000000        0x0 c:/program files (x86)/atmel/studio/7.0/toolchain/arm/arm-gnu-toolchain/bin/../lib/gcc/arm-none-eabi/6.3.1/../../../../arm-none-eabi/lib/thumb/v6-m\libc.a(lib_a-init.o)
 .bss           0x00000000        0x0 c:/program files (x86)/atmel/studio/7.0/toolchain/arm/arm-gnu-toolchain/bin/../lib/gcc/arm-none-eabi/6.3.1/../../../../arm-none-eabi/lib/thumb/v6-m\libc.a(lib_a-init.o)
 .text          0x00000000        0x0 c:/program files (x86)/atmel/studio/7.0/toolchain/arm/arm-gnu-toolchain/bin/../lib/gcc/arm-none-eabi/6.3.1/../../../../arm-none-eabi/lib/thumb/v6-m\libc.a(lib_a-memset.o)
 .data          0x00000000        0x0 c:/program files (x86)/atmel/studio/7.0/toolchain/arm/arm-gnu-toolchain/bin/../lib/gcc/arm-none-eabi/6.3.1/../../../../arm-none-eabi/lib/thumb/v6-m\libc.a(lib_a-memset.o)
 .bss           0x00000000        0x0 c:/program files (x86)/atmel/studio/7.0/toolchain/arm/arm-gnu-toolchain/bin/../lib/gcc/arm-none-eabi/6.3.1/../../../../arm-none-eabi/lib/thumb/v6-m\libc.a(lib_a-memset.o)
 .text.memset   0x00000000       0x94 c:/program files (x86)/atmel/studio/7.0/toolchain/arm/arm-gnu-toolchain/bin/../lib/gcc/arm-none-eabi/6.3.1/../../../../arm-none-eabi/lib/thumb/v6-m\libc.a(lib_a-memset.o)
 .debug_frame   0x00000000       0x30 c:/program files (x86)/atmel/studio/7.0/toolchain/arm/arm-gnu-toolchain/bin/../lib/gcc/arm-none-eabi/6.3.1/../../../../arm-none-eabi/lib/thumb/v6-m\libc.a(lib_a-memset.o)
 .ARM.attributes
                0x00000000       0x2c c:/program files (x86)/atmel/studio/7.0/toolchain/arm/arm-gnu-toolchain/bin/../lib/gcc/arm-none-eabi/6.3.1/../../../../arm-none-eabi/lib/thumb/v6-m\libc.a(lib_a-memset.o)
 .text          0x00000000        0x0 c:/program files (x86)/atmel/studio/7.0/toolchain/arm/arm-gnu-toolchain/bin/../lib/gcc/arm-none-eabi/6.3.1/../../../../arm-none-eabi/lib/thumb/v6-m\libc.a(lib_a-__call_atexit.o)
 .data          0x00000000        0x0 c:/program files (x86)/atmel/studio/7.0/toolchain/arm/arm-gnu-toolchain/bin/../lib/gcc/arm-none-eabi/6.3.1/../../../../arm-none-eabi/lib/thumb/v6-m\libc.a(lib_a-__call_atexit.o)
 .bss           0x00000000        0x0 c:/program files (x86)/atmel/studio/7.0/toolchain/arm/arm-gnu-toolchain/bin/../lib/gcc/arm-none-eabi/6.3.1/../../../../arm-none-eabi/lib/thumb/v6-m\libc.a(lib_a-__call_atexit.o)
 .text.__call_exitprocs
                0x00000000      0x110 c:/program files (x86)/atmel/studio/7.0/toolchain/arm/arm-gnu-toolchain/bin/../lib/gcc/arm-none-eabi/6.3.1/../../../../arm-none-eabi/lib/thumb/v6-m\libc.a(lib_a-__call_atexit.o)
 .text          0x00000000        0x0 c:/program files (x86)/atmel/studio/7.0/toolchain/arm/arm-gnu-toolchain/bin/../lib/gcc/arm-none-eabi/6.3.1/../../../../arm-none-eabi/lib/thumb/v6-m\libc.a(lib_a-atexit.o)
 .data          0x00000000        0x0 c:/program files (x86)/atmel/studio/7.0/toolchain/arm/arm-gnu-toolchain/bin/../lib/gcc/arm-none-eabi/6.3.1/../../../../arm-none-eabi/lib/thumb/v6-m\libc.a(lib_a-atexit.o)
 .bss           0x00000000        0x0 c:/program files (x86)/atmel/studio/7.0/toolchain/arm/arm-gnu-toolchain/bin/../lib/gcc/arm-none-eabi/6.3.1/../../../../arm-none-eabi/lib/thumb/v6-m\libc.a(lib_a-atexit.o)
 .text          0x00000000        0x0 c:/program files (x86)/atmel/studio/7.0/toolchain/arm/arm-gnu-toolchain/bin/../lib/gcc/arm-none-eabi/6.3.1/../../../../arm-none-eabi/lib/thumb/v6-m\libc.a(lib_a-fini.o)
 .data          0x00000000        0x0 c:/program files (x86)/atmel/studio/7.0/toolchain/arm/arm-gnu-toolchain/bin/../lib/gcc/arm-none-eabi/6.3.1/../../../../arm-none-eabi/lib/thumb/v6-m\libc.a(lib_a-fini.o)
 .bss           0x00000000        0x0 c:/program files (x86)/atmel/studio/7.0/toolchain/arm/arm-gnu-toolchain/bin/../lib/gcc/arm-none-eabi/6.3.1/../../../../arm-none-eabi/lib/thumb/v6-m\libc.a(lib_a-fini.o)
 .text          0x00000000        0x0 c:/program files (x86)/atmel/studio/7.0/toolchain/arm/arm-gnu-toolchain/bin/../lib/gcc/arm-none-eabi/6.3.1/../../../../arm-none-eabi/lib/thumb/v6-m\libc.a(lib_a-lock.o)
 .data          0x00000000        0x0 c:/program files (x86)/atmel/studio/7.0/toolchain/arm/arm-gnu-toolchain/bin/../lib/gcc/arm-none-eabi/6.3.1/../../../../arm-none-eabi/lib/thumb/v6-m\libc.a(lib_a-lock.o)
 .bss           0x00000000        0x0 c:/program files (x86)/atmel/studio/7.0/toolchain/arm/arm-gnu-toolchain/bin/../lib/gcc/arm-none-eabi/6.3.1/../../../../arm-none-eabi/lib/thumb/v6-m\libc.a(lib_a-lock.o)
 .text.__retarget_lock_init
                0x00000000        0x4 c:/program files (x86)/atmel/studio/7.0/toolchain/arm/arm-gnu-toolchain/bin/../lib/gcc/arm-none-eabi/6.3.1/../../../../arm-none-eabi/lib/thumb/v6-m\libc.a(lib_a-lock.o)
 .text.__retarget_lock_init_recursive
                0x00000000        0x4 c:/program files (x86)/atmel/studio/7.0/toolchain/arm/arm-gnu-toolchain/bin/../lib/gcc/arm-none-eabi/6.3.1/../../../../arm-none-eabi/lib/thumb/v6-m\libc.a(lib_a-lock.o)
 .text.__retarget_lock_close
                0x00000000        0x4 c:/program files (x86)/atmel/studio/7.0/toolchain/arm/arm-gnu-toolchain/bin/../lib/gcc/arm-none-eabi/6.3.1/../../../../arm-none-eabi/lib/thumb/v6-m\libc.a(lib_a-lock.o)
 .text.__retarget_lock_close_recursive
                0x00000000        0x4 c:/program files (x86)/atmel/studio/7.0/toolchain/arm/arm-gnu-toolchain/bin/../lib/gcc/arm-none-eabi/6.3.1/../../../../arm-none-eabi/lib/thumb/v6-m\libc.a(lib_a-lock.o)
 .text.__retarget_lock_acquire
                0x00000000        0x4 c:/program files (x86)/atmel/studio/7.0/toolchain/arm/arm-gnu-toolchain/bin/../lib/gcc/arm-none-eabi/6.3.1/../../../../arm-none-eabi/lib/thumb/v6-m\libc.a(lib_a-lock.o)
 .text.__retarget_lock_try_acquire
                0x00000000        0x4 c:/program files (x86)/atmel/studio/7.0/toolchain/arm/arm-gnu-toolchain/bin/../lib/gcc/arm-none-eabi/6.3.1/../../../../arm-none-eabi/lib/thumb/v6-m\libc.a(lib_a-lock.o)
 .text.__retarget_lock_try_acquire_recursive
                0x00000000        0x4 c:/program files (x86)/atmel/studio/7.0/toolchain/arm/arm-gnu-toolchain/bin/../lib/gcc/arm-none-eabi/6.3.1/../../../../arm-none-eabi/lib/thumb/v6-m\libc.a(lib_a-lock.o)
 .text.__retarget_lock_release
                0x00000000        0x4 c:/program files (x86)/atmel/studio/7.0/toolchain/arm/arm-gnu-toolchain/bin/../lib/gcc/arm-none-eabi/6.3.1/../../../../arm-none-eabi/lib/thumb/v6-m\libc.a(lib_a-lock.o)
 .text          0x00000000        0x0 c:/program files (x86)/atmel/studio/7.0/toolchain/arm/arm-gnu-toolchain/bin/../lib/gcc/arm-none-eabi/6.3.1/../../../../arm-none-eabi/lib/thumb/v6-m\libc.a(lib_a-__atexit.o)
 .data          0x00000000        0x0 c:/program files (x86)/atmel/studio/7.0/toolchain/arm/arm-gnu-toolchain/bin/../lib/gcc/arm-none-eabi/6.3.1/../../../../arm-none-eabi/lib/thumb/v6-m\libc.a(lib_a-__atexit.o)
 .bss           0x00000000        0x0 c:/program files (x86)/atmel/studio/7.0/toolchain/arm/arm-gnu-toolchain/bin/../lib/gcc/arm-none-eabi/6.3.1/../../../../arm-none-eabi/lib/thumb/v6-m\libc.a(lib_a-__atexit.o)
 .text          0x00000000        0x0 c:/program files (x86)/atmel/studio/7.0/toolchain/arm/arm-gnu-toolchain/bin/../lib/gcc/arm-none-eabi/6.3.1/thumb/v6-m/crtend.o
 .data          0x00000000        0x0 c:/program files (x86)/atmel/studio/7.0/toolchain/arm/arm-gnu-toolchain/bin/../lib/gcc/arm-none-eabi/6.3.1/thumb/v6-m/crtend.o
 .bss           0x00000000        0x0 c:/program files (x86)/atmel/studio/7.0/toolchain/arm/arm-gnu-toolchain/bin/../lib/gcc/arm-none-eabi/6.3.1/thumb/v6-m/crtend.o
 .eh_frame      0x00000000        0x4 c:/program files (x86)/atmel/studio/7.0/toolchain/arm/arm-gnu-toolchain/bin/../lib/gcc/arm-none-eabi/6.3.1/thumb/v6-m/crtend.o
 .jcr           0x00000000        0x4 c:/program files (x86)/atmel/studio/7.0/toolchain/arm/arm-gnu-toolchain/bin/../lib/gcc/arm-none-eabi/6.3.1/thumb/v6-m/crtend.o
 .ARM.attributes
                0x00000000       0x2c c:/program files (x86)/atmel/studio/7.0/toolchain/arm/arm-gnu-toolchain/bin/../lib/gcc/arm-none-eabi/6.3.1/thumb/v6-m/crtend.o
 .text          0x00000000        0x0 c:/program files (x86)/atmel/studio/7.0/toolchain/arm/arm-gnu-toolchain/bin/../lib/gcc/arm-none-eabi/6.3.1/thumb/v6-m/crtn.o
 .data          0x00000000        0x0 c:/program files (x86)/atmel/studio/7.0/toolchain/arm/arm-gnu-toolchain/bin/../lib/gcc/arm-none-eabi/6.3.1/thumb/v6-m/crtn.o
 .bss           0x00000000        0x0 c:/program files (x86)/atmel/studio/7.0/toolchain/arm/arm-gnu-toolchain/bin/../lib/gcc/arm-none-eabi/6.3.1/thumb/v6-m/crtn.o

Memory Configuration

Name             Origin             Length             Attributes
rom              0x00000000         0x00040000         xr
ram              0x20000000         0x00008000         xrw
*default*        0x00000000         0xffffffff

Linker script and memory map

LOAD c:/program files (x86)/atmel/studio/7.0/toolchain/arm/arm-gnu-toolchain/bin/../lib/gcc/arm-none-eabi/6.3.1/thumb/v6-m/crti.o
LOAD c:/program files (x86)/atmel/studio/7.0/toolchain/arm/arm-gnu-toolchain/bin/../lib/gcc/arm-none-eabi/6.3.1/thumb/v6-m/crtbegin.o
LOAD c:/program files (x86)/atmel/studio/7.0/toolchain/arm/arm-gnu-toolchain/bin/../lib/gcc/arm-none-eabi/6.3.1/../../../../arm-none-eabi/lib/thumb/v6-m/crt0.o
LOAD Device_Startup/startup_samc21.o
LOAD Device_Startup/system_samc21.o
LOAD main.o
START GROUP
LOAD c:/program files (x86)/atmel/studio/7.0/toolchain/arm/arm-gnu-toolchain/bin/../lib/gcc/arm-none-eabi/6.3.1/../../../../arm-none-eabi/lib/thumb/v6-m\libm.a
END GROUP
START GROUP
LOAD c:/program files (x86)/atmel/studio/7.0/toolchain/arm/arm-gnu-toolchain/bin/../lib/gcc/arm-none-eabi/6.3.1/thumb/v6-m\libgcc.a
LOAD c:/program files (x86)/atmel/studio/7.0/toolchain/arm/arm-gnu-toolchain/bin/../lib/gcc/arm-none-eabi/6.3.1/../../../../arm-none-eabi/lib/thumb/v6-m\libc.a
END GROUP
LOAD c:/program files (x86)/atmel/studio/7.0/toolchain/arm/arm-gnu-toolchain/bin/../lib/gcc/arm-none-eabi/6.3.1/thumb/v6-m/crtend.o
LOAD c:/program files (x86)/atmel/studio/7.0/toolchain/arm/arm-gnu-toolchain/bin/../lib/gcc/arm-none-eabi/6.3.1/thumb/v6-m/crtn.o
                0x00002000                STACK_SIZE = DEFINED (STACK_SIZE)?STACK_SIZE:DEFINED (__stack_size__)?__stack_size__:0x2000

.text           0x00000000      0x514
                0x00000000                . = ALIGN (0x4)
                0x00000000                _sfixed = .
 *(.vectors .vectors.*)
 .vectors       0x00000000       0xbc Device_Startup/startup_samc21.o
                0x00000000                exception_table
 *(.text .text.* .gnu.linkonce.t.*)
 .text          0x000000bc       0x60 c:/program files (x86)/atmel/studio/7.0/toolchain/arm/arm-gnu-toolchain/bin/../lib/gcc/arm-none-eabi/6.3.1/thumb/v6-m/crtbegin.o
 .text.Dummy_Handler
                0x0000011c        0x2 Device_Startup/startup_samc21.o
                0x0000011c                DMAC_Handler
                0x0000011c                HardFault_Handler
                0x0000011c                TC2_Handler
                0x0000011c                AC_Handler
                0x0000011c                PendSV_Handler
                0x0000011c                NMI_Handler
                0x0000011c                SERCOM1_Handler
                0x0000011c                TCC1_Handler
                0x0000011c                SERCOM2_Handler
                0x0000011c                TCC0_Handler
                0x0000011c                RTC_Handler
                0x0000011c                ADC1_Handler
                0x0000011c                EIC_Handler
                0x0000011c                WDT_Handler
                0x0000011c                CAN0_Handler
                0x0000011c                TC4_Handler
                0x0000011c                TC1_Handler
                0x0000011c                TC3_Handler
                0x0000011c                SDADC_Handler
                0x0000011c                Dummy_Handler
                0x0000011c                SERCOM5_Handler
                0x0000011c                CAN1_Handler
                0x0000011c                ADC0_Handler
                0x0000011c                TSENS_Handler
                0x0000011c                SVC_Handler
                0x0000011c                TCC2_Handler
                0x0000011c                EVSYS_Handler
                0x0000011c                SERCOM3_Handler
                0x0000011c                SERCOM4_Handler
                0x0000011c                NVMCTRL_Handler
                0x0000011c                SYSTEM_Handler
                0x0000011c                SERCOM0_Handler
                0x0000011c                DAC_Handler
                0x0000011c                PTC_Handler
                0x0000011c                FREQM_Handler
                0x0000011c                TC0_Handler
 *fill*         0x0000011e        0x2 
 .text.Reset_Handler
                0x00000120       0x88 Device_Startup/startup_samc21.o
                0x00000120                Reset_Handler
 .text.SystemInit
                0x000001a8       0x10 Device_Startup/system_samc21.o
                0x000001a8                SystemInit
 .text.AppInit  0x000001b8       0x3c main.o
                0x000001b8                AppInit
 .text.main     0x000001f4       0x14 main.o
                0x000001f4                main
 .text.SysTick_Handler
                0x00000208       0x2c main.o
                0x00000208                SysTick_Handler
 .text          0x00000234      0x114 c:/program files (x86)/atmel/studio/7.0/toolchain/arm/arm-gnu-toolchain/bin/../lib/gcc/arm-none-eabi/6.3.1/thumb/v6-m\libgcc.a(_udivsi3.o)
                0x00000234                __aeabi_uidiv
                0x00000234                __udivsi3
                0x00000340                __aeabi_uidivmod
 .text          0x00000348        0x4 c:/program files (x86)/atmel/studio/7.0/toolchain/arm/arm-gnu-toolchain/bin/../lib/gcc/arm-none-eabi/6.3.1/thumb/v6-m\libgcc.a(_dvmd_tls.o)
                0x00000348                __aeabi_idiv0
                0x00000348                __aeabi_ldiv0
 .text.__libc_init_array
                0x0000034c       0x48 c:/program files (x86)/atmel/studio/7.0/toolchain/arm/arm-gnu-toolchain/bin/../lib/gcc/arm-none-eabi/6.3.1/../../../../arm-none-eabi/lib/thumb/v6-m\libc.a(lib_a-init.o)
                0x0000034c                __libc_init_array
 .text.startup.register_fini
                0x00000394       0x18 c:/program files (x86)/atmel/studio/7.0/toolchain/arm/arm-gnu-toolchain/bin/../lib/gcc/arm-none-eabi/6.3.1/../../../../arm-none-eabi/lib/thumb/v6-m\libc.a(lib_a-__call_atexit.o)
 .text.atexit   0x000003ac       0x10 c:/program files (x86)/atmel/studio/7.0/toolchain/arm/arm-gnu-toolchain/bin/../lib/gcc/arm-none-eabi/6.3.1/../../../../arm-none-eabi/lib/thumb/v6-m\libc.a(lib_a-atexit.o)
                0x000003ac                atexit
 .text.__libc_fini_array
                0x000003bc       0x34 c:/program files (x86)/atmel/studio/7.0/toolchain/arm/arm-gnu-toolchain/bin/../lib/gcc/arm-none-eabi/6.3.1/../../../../arm-none-eabi/lib/thumb/v6-m\libc.a(lib_a-fini.o)
                0x000003bc                __libc_fini_array
 .text.__retarget_lock_acquire_recursive
                0x000003f0        0x4 c:/program files (x86)/atmel/studio/7.0/toolchain/arm/arm-gnu-toolchain/bin/../lib/gcc/arm-none-eabi/6.3.1/../../../../arm-none-eabi/lib/thumb/v6-m\libc.a(lib_a-lock.o)
                0x000003f0                __retarget_lock_acquire_recursive
 .text.__retarget_lock_release_recursive
                0x000003f4        0x4 c:/program files (x86)/atmel/studio/7.0/toolchain/arm/arm-gnu-toolchain/bin/../lib/gcc/arm-none-eabi/6.3.1/../../../../arm-none-eabi/lib/thumb/v6-m\libc.a(lib_a-lock.o)
                0x000003f4                __retarget_lock_release_recursive
 .text.__register_exitproc
                0x000003f8       0xf4 c:/program files (x86)/atmel/studio/7.0/toolchain/arm/arm-gnu-toolchain/bin/../lib/gcc/arm-none-eabi/6.3.1/../../../../arm-none-eabi/lib/thumb/v6-m\libc.a(lib_a-__atexit.o)
                0x000003f8                __register_exitproc
 *(.glue_7t)
 .glue_7t       0x000004ec        0x0 linker stubs
 *(.glue_7)
 .glue_7        0x000004ec        0x0 linker stubs
 *(.rodata .rodata* .gnu.linkonce.r.*)
 .rodata._global_impure_ptr
                0x000004ec        0x4 c:/program files (x86)/atmel/studio/7.0/toolchain/arm/arm-gnu-toolchain/bin/../lib/gcc/arm-none-eabi/6.3.1/../../../../arm-none-eabi/lib/thumb/v6-m\libc.a(lib_a-impure.o)
                0x000004ec                _global_impure_ptr
 *(.ARM.extab* .gnu.linkonce.armextab.*)
                0x000004f0                . = ALIGN (0x4)
 *(.init)
 .init          0x000004f0        0x4 c:/program files (x86)/atmel/studio/7.0/toolchain/arm/arm-gnu-toolchain/bin/../lib/gcc/arm-none-eabi/6.3.1/thumb/v6-m/crti.o
                0x000004f0                _init
 .init          0x000004f4        0x8 c:/program files (x86)/atmel/studio/7.0/toolchain/arm/arm-gnu-toolchain/bin/../lib/gcc/arm-none-eabi/6.3.1/thumb/v6-m/crtn.o
                0x000004fc                . = ALIGN (0x4)
                0x000004fc                __preinit_array_start = .
 *(.preinit_array)
                0x000004fc                __preinit_array_end = .
                0x000004fc                . = ALIGN (0x4)
                0x000004fc                __init_array_start = .
 *(SORT(.init_array.*))
 .init_array.00000
                0x000004fc        0x4 c:/program files (x86)/atmel/studio/7.0/toolchain/arm/arm-gnu-toolchain/bin/../lib/gcc/arm-none-eabi/6.3.1/../../../../arm-none-eabi/lib/thumb/v6-m\libc.a(lib_a-__call_atexit.o)
 *(.init_array)
 .init_array    0x00000500        0x4 c:/program files (x86)/atmel/studio/7.0/toolchain/arm/arm-gnu-toolchain/bin/../lib/gcc/arm-none-eabi/6.3.1/thumb/v6-m/crtbegin.o
                0x00000504                __init_array_end = .
                0x00000504                . = ALIGN (0x4)
 *crtbegin.o(.ctors)
 *(EXCLUDE_FILE(*crtend.o) .ctors)
 *(SORT(.ctors.*))
 *crtend.o(.ctors)
                0x00000504                . = ALIGN (0x4)
 *(.fini)
 .fini          0x00000504        0x4 c:/program files (x86)/atmel/studio/7.0/toolchain/arm/arm-gnu-toolchain/bin/../lib/gcc/arm-none-eabi/6.3.1/thumb/v6-m/crti.o
                0x00000504                _fini
 .fini          0x00000508        0x8 c:/program files (x86)/atmel/studio/7.0/toolchain/arm/arm-gnu-toolchain/bin/../lib/gcc/arm-none-eabi/6.3.1/thumb/v6-m/crtn.o
                0x00000510                . = ALIGN (0x4)
                0x00000510                __fini_array_start = .
 *(.fini_array)
 .fini_array    0x00000510        0x4 c:/program files (x86)/atmel/studio/7.0/toolchain/arm/arm-gnu-toolchain/bin/../lib/gcc/arm-none-eabi/6.3.1/thumb/v6-m/crtbegin.o
 *(SORT(.fini_array.*))
                0x00000514                __fini_array_end = .
 *crtbegin.o(.dtors)
 *(EXCLUDE_FILE(*crtend.o) .dtors)
 *(SORT(.dtors.*))
 *crtend.o(.dtors)
                0x00000514                . = ALIGN (0x4)
                0x00000514                _efixed = .
                [!provide]                PROVIDE (__exidx_start, .)

.vfp11_veneer   0x00000514        0x0
 .vfp11_veneer  0x00000514        0x0 linker stubs

.v4_bx          0x00000514        0x0
 .v4_bx         0x00000514        0x0 linker stubs

.iplt           0x00000514        0x0
 .iplt          0x00000514        0x0 c:/program files (x86)/atmel/studio/7.0/toolchain/arm/arm-gnu-toolchain/bin/../lib/gcc/arm-none-eabi/6.3.1/thumb/v6-m/crtbegin.o

.eh_frame       0x00000514        0x0
 .eh_frame      0x00000514        0x0 c:/program files (x86)/atmel/studio/7.0/toolchain/arm/arm-gnu-toolchain/bin/../lib/gcc/arm-none-eabi/6.3.1/thumb/v6-m/crtbegin.o

.rel.dyn        0x00000514        0x0
 .rel.iplt      0x00000514        0x0 c:/program files (x86)/atmel/studio/7.0/toolchain/arm/arm-gnu-toolchain/bin/../lib/gcc/arm-none-eabi/6.3.1/thumb/v6-m/crtbegin.o

.jcr            0x00000514        0x0
 .jcr           0x00000514        0x0 c:/program files (x86)/atmel/studio/7.0/toolchain/arm/arm-gnu-toolchain/bin/../lib/gcc/arm-none-eabi/6.3.1/thumb/v6-m/crtbegin.o

.igot.plt       0x00000514        0x0
 .igot.plt      0x00000514        0x0 c:/program files (x86)/atmel/studio/7.0/toolchain/arm/arm-gnu-toolchain/bin/../lib/gcc/arm-none-eabi/6.3.1/thumb/v6-m/crtbegin.o

.ARM.exidx
 *(.ARM.exidx* .gnu.linkonce.armexidx.*)
                [!provide]                PROVIDE (__exidx_end, .)
                0x00000514                . = ALIGN (0x4)
                0x00000514                _etext = .

.relocate       0x20000000      0x434 load address 0x00000514
                0x20000000                . = ALIGN (0x4)
                0x20000000                _srelocate = .
 *(.ramfunc .ramfunc.*)
 *(.data .data.*)
 .data          0x20000000        0x4 Device_Startup/system_samc21.o
                0x20000000                SystemCoreClock
 *fill*         0x20000004        0x4 
 .data.impure_data
                0x20000008      0x428 c:/program files (x86)/atmel/studio/7.0/toolchain/arm/arm-gnu-toolchain/bin/../lib/gcc/arm-none-eabi/6.3.1/../../../../arm-none-eabi/lib/thumb/v6-m\libc.a(lib_a-impure.o)
 .data.__atexit_recursive_mutex
                0x20000430        0x4 c:/program files (x86)/atmel/studio/7.0/toolchain/arm/arm-gnu-toolchain/bin/../lib/gcc/arm-none-eabi/6.3.1/../../../../arm-none-eabi/lib/thumb/v6-m\libc.a(lib_a-__call_atexit.o)
                0x20000430                __atexit_recursive_mutex
                0x20000434                . = ALIGN (0x4)
                0x20000434                _erelocate = .

.bss            0x20000434       0x44 load address 0x00000948
                0x20000434                . = ALIGN (0x4)
                0x20000434                _sbss = .
                0x20000434                _szero = .
 *(.bss .bss.*)
 .bss           0x20000434       0x1c c:/program files (x86)/atmel/studio/7.0/toolchain/arm/arm-gnu-toolchain/bin/../lib/gcc/arm-none-eabi/6.3.1/thumb/v6-m/crtbegin.o
 .bss           0x20000450        0x4 main.o
 *(COMMON)
 COMMON         0x20000454       0x21 c:/program files (x86)/atmel/studio/7.0/toolchain/arm/arm-gnu-toolchain/bin/../lib/gcc/arm-none-eabi/6.3.1/../../../../arm-none-eabi/lib/thumb/v6-m\libc.a(lib_a-lock.o)
                0x20000454                __lock___atexit_recursive_mutex
                0x20000458                __lock___arc4random_mutex
                0x2000045c                __lock___env_recursive_mutex
                0x20000460                __lock___sinit_recursive_mutex
                0x20000464                __lock___malloc_recursive_mutex
                0x20000468                __lock___at_quick_exit_mutex
                0x2000046c                __lock___dd_hash_mutex
                0x20000470                __lock___tz_mutex
                0x20000474                __lock___sfp_recursive_mutex
                0x20000478                . = ALIGN (0x4)
 *fill*         0x20000475        0x3 
                0x20000478                _ebss = .
                0x20000478                _ezero = .

.stack          0x20000478     0x2000 load address 0x0000098c
                0x20000478                . = ALIGN (0x8)
                0x20000478                _sstack = .
                0x20002478                . = (. + STACK_SIZE)
 *fill*         0x20000478     0x2000 
                0x20002478                . = ALIGN (0x8)
                0x20002478                _estack = .
                0x20002478                . = ALIGN (0x4)
                0x20002478                _end = .
OUTPUT(systick-initialization.elf elf32-littlearm)

.ARM.attributes
                0x00000000       0x28
 .ARM.attributes
                0x00000000       0x1e c:/program files (x86)/atmel/studio/7.0/toolchain/arm/arm-gnu-toolchain/bin/../lib/gcc/arm-none-eabi/6.3.1/thumb/v6-m/crti.o
 .ARM.attributes
                0x0000001e       0x2c c:/program files (x86)/atmel/studio/7.0/toolchain/arm/arm-gnu-toolchain/bin/../lib/gcc/arm-none-eabi/6.3.1/thumb/v6-m/crtbegin.o
 .ARM.attributes
                0x0000004a       0x32 Device_Startup/startup_samc21.o
 .ARM.attributes
                0x0000007c       0x32 Device_Startup/system_samc21.o
 .ARM.attributes
                0x000000ae       0x32 main.o
 .ARM.attributes
                0x000000e0       0x1e c:/program files (x86)/atmel/studio/7.0/toolchain/arm/arm-gnu-toolchain/bin/../lib/gcc/arm-none-eabi/6.3.1/thumb/v6-m\libgcc.a(_udivsi3.o)
 .ARM.attributes
                0x000000fe       0x1e c:/program files (x86)/atmel/studio/7.0/toolchain/arm/arm-gnu-toolchain/bin/../lib/gcc/arm-none-eabi/6.3.1/thumb/v6-m\libgcc.a(_dvmd_tls.o)
 .ARM.attributes
                0x0000011c       0x2c c:/program files (x86)/atmel/studio/7.0/toolchain/arm/arm-gnu-toolchain/bin/../lib/gcc/arm-none-eabi/6.3.1/../../../../arm-none-eabi/lib/thumb/v6-m\libc.a(lib_a-impure.o)
 .ARM.attributes
                0x00000148       0x2c c:/program files (x86)/atmel/studio/7.0/toolchain/arm/arm-gnu-toolchain/bin/../lib/gcc/arm-none-eabi/6.3.1/../../../../arm-none-eabi/lib/thumb/v6-m\libc.a(lib_a-init.o)
 .ARM.attributes
                0x00000174       0x2c c:/program files (x86)/atmel/studio/7.0/toolchain/arm/arm-gnu-toolchain/bin/../lib/gcc/arm-none-eabi/6.3.1/../../../../arm-none-eabi/lib/thumb/v6-m\libc.a(lib_a-__call_atexit.o)
 .ARM.attributes
                0x000001a0       0x2c c:/program files (x86)/atmel/studio/7.0/toolchain/arm/arm-gnu-toolchain/bin/../lib/gcc/arm-none-eabi/6.3.1/../../../../arm-none-eabi/lib/thumb/v6-m\libc.a(lib_a-atexit.o)
 .ARM.attributes
                0x000001cc       0x2c c:/program files (x86)/atmel/studio/7.0/toolchain/arm/arm-gnu-toolchain/bin/../lib/gcc/arm-none-eabi/6.3.1/../../../../arm-none-eabi/lib/thumb/v6-m\libc.a(lib_a-fini.o)
 .ARM.attributes
                0x000001f8       0x2c c:/program files (x86)/atmel/studio/7.0/toolchain/arm/arm-gnu-toolchain/bin/../lib/gcc/arm-none-eabi/6.3.1/../../../../arm-none-eabi/lib/thumb/v6-m\libc.a(lib_a-lock.o)
 .ARM.attributes
                0x00000224       0x2c c:/program files (x86)/atmel/studio/7.0/toolchain/arm/arm-gnu-toolchain/bin/../lib/gcc/arm-none-eabi/6.3.1/../../../../arm-none-eabi/lib/thumb/v6-m\libc.a(lib_a-__atexit.o)
 .ARM.attributes
                0x00000250       0x1e c:/program files (x86)/atmel/studio/7.0/toolchain/arm/arm-gnu-toolchain/bin/../lib/gcc/arm-none-eabi/6.3.1/thumb/v6-m/crtn.o

.comment        0x00000000       0x59
 .comment       0x00000000       0x59 Device_Startup/startup_samc21.o
                                 0x5a (size before relaxing)
 .comment       0x00000059       0x5a Device_Startup/system_samc21.o
 .comment       0x00000059       0x5a main.o

.debug_info     0x00000000     0x108d
 .debug_info    0x00000000      0x523 Device_Startup/startup_samc21.o
 .debug_info    0x00000523       0xd5 Device_Startup/system_samc21.o
 .debug_info    0x000005f8      0xa95 main.o

.debug_abbrev   0x00000000      0x3a2
 .debug_abbrev  0x00000000      0x14f Device_Startup/startup_samc21.o
 .debug_abbrev  0x0000014f       0x72 Device_Startup/system_samc21.o
 .debug_abbrev  0x000001c1      0x1e1 main.o

.debug_loc      0x00000000       0xc9
 .debug_loc     0x00000000       0x40 Device_Startup/startup_samc21.o
 .debug_loc     0x00000040       0x89 main.o

.debug_aranges  0x00000000       0x80
 .debug_aranges
                0x00000000       0x28 Device_Startup/startup_samc21.o
 .debug_aranges
                0x00000028       0x28 Device_Startup/system_samc21.o
 .debug_aranges
                0x00000050       0x30 main.o

.debug_ranges   0x00000000       0x50
 .debug_ranges  0x00000000       0x18 Device_Startup/startup_samc21.o
 .debug_ranges  0x00000018       0x18 Device_Startup/system_samc21.o
 .debug_ranges  0x00000030       0x20 main.o

.debug_macro    0x00000000    0x15e6e
 .debug_macro   0x00000000      0x3ab Device_Startup/startup_samc21.o
 .debug_macro   0x000003ab      0x89e Device_Startup/startup_samc21.o
 .debug_macro   0x00000c49       0x22 Device_Startup/startup_samc21.o
 .debug_macro   0x00000c6b       0x87 Device_Startup/startup_samc21.o
 .debug_macro   0x00000cf2       0x51 Device_Startup/startup_samc21.o
 .debug_macro   0x00000d43       0xef Device_Startup/startup_samc21.o
 .debug_macro   0x00000e32       0x6a Device_Startup/startup_samc21.o
 .debug_macro   0x00000e9c      0x1df Device_Startup/startup_samc21.o
 .debug_macro   0x0000107b       0x40 Device_Startup/startup_samc21.o
 .debug_macro   0x000010bb       0x28 Device_Startup/startup_samc21.o
 .debug_macro   0x000010e3       0x85 Device_Startup/startup_samc21.o
 .debug_macro   0x00001168      0x49b Device_Startup/startup_samc21.o
 .debug_macro   0x00001603      0x896 Device_Startup/startup_samc21.o
 .debug_macro   0x00001e99      0x8bf Device_Startup/startup_samc21.o
 .debug_macro   0x00002758     0x2d61 Device_Startup/startup_samc21.o
 .debug_macro   0x000054b9      0x21d Device_Startup/startup_samc21.o
 .debug_macro   0x000056d6      0x281 Device_Startup/startup_samc21.o
 .debug_macro   0x00005957      0x130 Device_Startup/startup_samc21.o
 .debug_macro   0x00005a87      0xd32 Device_Startup/startup_samc21.o
 .debug_macro   0x000067b9      0x61f Device_Startup/startup_samc21.o
 .debug_macro   0x00006dd8      0x5be Device_Startup/startup_samc21.o
 .debug_macro   0x00007396      0x823 Device_Startup/startup_samc21.o
 .debug_macro   0x00007bb9      0x172 Device_Startup/startup_samc21.o
 .debug_macro   0x00007d2b      0x2f7 Device_Startup/startup_samc21.o
 .debug_macro   0x00008022      0x55f Device_Startup/startup_samc21.o
 .debug_macro   0x00008581      0x42e Device_Startup/startup_samc21.o
 .debug_macro   0x000089af      0x21c Device_Startup/startup_samc21.o
 .debug_macro   0x00008bcb      0x72d Device_Startup/startup_samc21.o
 .debug_macro   0x000092f8      0x5ab Device_Startup/startup_samc21.o
 .debug_macro   0x000098a3      0x334 Device_Startup/startup_samc21.o
 .debug_macro   0x00009bd7      0x6a9 Device_Startup/startup_samc21.o
 .debug_macro   0x0000a280       0xc4 Device_Startup/startup_samc21.o
 .debug_macro   0x0000a344      0x33f Device_Startup/startup_samc21.o
 .debug_macro   0x0000a683       0x6a Device_Startup/startup_samc21.o
 .debug_macro   0x0000a6ed     0x124a Device_Startup/startup_samc21.o
 .debug_macro   0x0000b937      0x5a4 Device_Startup/startup_samc21.o
 .debug_macro   0x0000bedb      0xfc3 Device_Startup/startup_samc21.o
 .debug_macro   0x0000ce9e      0x59d Device_Startup/startup_samc21.o
 .debug_macro   0x0000d43b      0x3c2 Device_Startup/startup_samc21.o
 .debug_macro   0x0000d7fd      0x8ad Device_Startup/startup_samc21.o
 .debug_macro   0x0000e0aa     0x19bd Device_Startup/startup_samc21.o
 .debug_macro   0x0000fa67      0x39c Device_Startup/startup_samc21.o
 .debug_macro   0x0000fe03      0x369 Device_Startup/startup_samc21.o
 .debug_macro   0x0001016c       0x94 Device_Startup/startup_samc21.o
 .debug_macro   0x00010200       0xac Device_Startup/startup_samc21.o
 .debug_macro   0x000102ac       0xac Device_Startup/startup_samc21.o
 .debug_macro   0x00010358      0x148 Device_Startup/startup_samc21.o
 .debug_macro   0x000104a0      0x148 Device_Startup/startup_samc21.o
 .debug_macro   0x000105e8       0x4c Device_Startup/startup_samc21.o
 .debug_macro   0x00010634       0x58 Device_Startup/startup_samc21.o
 .debug_macro   0x0001068c       0x3a Device_Startup/startup_samc21.o
 .debug_macro   0x000106c6       0xd6 Device_Startup/startup_samc21.o
 .debug_macro   0x0001079c       0xb8 Device_Startup/startup_samc21.o
 .debug_macro   0x00010854       0x64 Device_Startup/startup_samc21.o
 .debug_macro   0x000108b8      0x5e4 Device_Startup/startup_samc21.o
 .debug_macro   0x00010e9c       0x4c Device_Startup/startup_samc21.o
 .debug_macro   0x00010ee8      0x1bd Device_Startup/startup_samc21.o
 .debug_macro   0x000110a5      0x183 Device_Startup/startup_samc21.o
 .debug_macro   0x00011228       0x52 Device_Startup/startup_samc21.o
 .debug_macro   0x0001127a       0xa0 Device_Startup/startup_samc21.o
 .debug_macro   0x0001131a       0xd6 Device_Startup/startup_samc21.o
 .debug_macro   0x000113f0       0x94 Device_Startup/startup_samc21.o
 .debug_macro   0x00011484       0x4c Device_Startup/startup_samc21.o
 .debug_macro   0x000114d0       0x64 Device_Startup/startup_samc21.o
 .debug_macro   0x00011534       0x22 Device_Startup/startup_samc21.o
 .debug_macro   0x00011556      0x16c Device_Startup/startup_samc21.o
 .debug_macro   0x000116c2       0x16 Device_Startup/startup_samc21.o
 .debug_macro   0x000116d8       0xd6 Device_Startup/startup_samc21.o
 .debug_macro   0x000117ae       0xa0 Device_Startup/startup_samc21.o
 .debug_macro   0x0001184e      0x132 Device_Startup/startup_samc21.o
 .debug_macro   0x00011980      0x132 Device_Startup/startup_samc21.o
 .debug_macro   0x00011ab2      0x132 Device_Startup/startup_samc21.o
 .debug_macro   0x00011be4      0x132 Device_Startup/startup_samc21.o
 .debug_macro   0x00011d16      0x132 Device_Startup/startup_samc21.o
 .debug_macro   0x00011e48      0x132 Device_Startup/startup_samc21.o
 .debug_macro   0x00011f7a       0x4c Device_Startup/startup_samc21.o
 .debug_macro   0x00011fc6      0x167 Device_Startup/startup_samc21.o
 .debug_macro   0x0001212d       0xfa Device_Startup/startup_samc21.o
 .debug_macro   0x00012227       0xfa Device_Startup/startup_samc21.o
 .debug_macro   0x00012321       0xfa Device_Startup/startup_samc21.o
 .debug_macro   0x0001241b       0xfa Device_Startup/startup_samc21.o
 .debug_macro   0x00012515       0xfa Device_Startup/startup_samc21.o
 .debug_macro   0x0001260f      0x124 Device_Startup/startup_samc21.o
 .debug_macro   0x00012733       0xfa Device_Startup/startup_samc21.o
 .debug_macro   0x0001282d       0xee Device_Startup/startup_samc21.o
 .debug_macro   0x0001291b       0x76 Device_Startup/startup_samc21.o
 .debug_macro   0x00012991       0x3a Device_Startup/startup_samc21.o
 .debug_macro   0x000129cb      0x4b1 Device_Startup/startup_samc21.o
 .debug_macro   0x00012e7c     0x27e3 Device_Startup/startup_samc21.o
 .debug_macro   0x0001565f       0x82 Device_Startup/startup_samc21.o
 .debug_macro   0x000156e1      0x3b1 Device_Startup/system_samc21.o
 .debug_macro   0x00015a92      0x3b4 main.o
 .debug_macro   0x00015e46       0x28 main.o

.debug_line     0x00000000     0x16f1
 .debug_line    0x00000000      0x7a5 Device_Startup/startup_samc21.o
 .debug_line    0x000007a5      0x797 Device_Startup/system_samc21.o
 .debug_line    0x00000f3c      0x7b5 main.o

.debug_str      0x00000000    0x85ca0
 .debug_str     0x00000000    0x857bc Device_Startup/startup_samc21.o
                              0x861c5 (size before relaxing)
 .debug_str     0x000857bc       0x5c Device_Startup/system_samc21.o
                              0x85e31 (size before relaxing)
 .debug_str     0x00085818      0x488 main.o
                              0x862fa (size before relaxing)

.debug_frame    0x00000000      0x2a0
 .debug_frame   0x00000000       0x38 Device_Startup/startup_samc21.o
 .debug_frame   0x00000038       0x30 Device_Startup/system_samc21.o
 .debug_frame   0x00000068       0x58 main.o
 .debug_frame   0x000000c0       0x20 c:/program files (x86)/atmel/studio/7.0/toolchain/arm/arm-gnu-toolchain/bin/../lib/gcc/arm-none-eabi/6.3.1/thumb/v6-m\libgcc.a(_udivsi3.o)
 .debug_frame   0x000000e0       0x2c c:/program files (x86)/atmel/studio/7.0/toolchain/arm/arm-gnu-toolchain/bin/../lib/gcc/arm-none-eabi/6.3.1/../../../../arm-none-eabi/lib/thumb/v6-m\libc.a(lib_a-init.o)
 .debug_frame   0x0000010c       0x54 c:/program files (x86)/atmel/studio/7.0/toolchain/arm/arm-gnu-toolchain/bin/../lib/gcc/arm-none-eabi/6.3.1/../../../../arm-none-eabi/lib/thumb/v6-m\libc.a(lib_a-__call_atexit.o)
 .debug_frame   0x00000160       0x28 c:/program files (x86)/atmel/studio/7.0/toolchain/arm/arm-gnu-toolchain/bin/../lib/gcc/arm-none-eabi/6.3.1/../../../../arm-none-eabi/lib/thumb/v6-m\libc.a(lib_a-atexit.o)
 .debug_frame   0x00000188       0x2c c:/program files (x86)/atmel/studio/7.0/toolchain/arm/arm-gnu-toolchain/bin/../lib/gcc/arm-none-eabi/6.3.1/../../../../arm-none-eabi/lib/thumb/v6-m\libc.a(lib_a-fini.o)
 .debug_frame   0x000001b4       0xb0 c:/program files (x86)/atmel/studio/7.0/toolchain/arm/arm-gnu-toolchain/bin/../lib/gcc/arm-none-eabi/6.3.1/../../../../arm-none-eabi/lib/thumb/v6-m\libc.a(lib_a-lock.o)
 .debug_frame   0x00000264       0x3c c:/program files (x86)/atmel/studio/7.0/toolchain/arm/arm-gnu-toolchain/bin/../lib/gcc/arm-none-eabi/6.3.1/../../../../arm-none-eabi/lib/thumb/v6-m\libc.a(lib_a-__atexit.o)
